Warning: You are sending unauthenticated requests to the HF Hub. Please set a HF_TOKEN to enable higher rate limits and faster downloads.
Loading weights:   0%|          | 0/590 [00:00<?, ?it/s]Loading weights: 100%|██████████| 590/590 [00:00<00:00, 12609.37it/s]
{
  "run_id": "hateful_memes__clip_dual__target__image_only__c0.7__n4__p1.0__fedavg__seed993__def-none",
  "population": "target",
  "seed": 993,
  "setting_name": "image_only",
  "concentration": 0.7,
  "num_clients": 4,
  "participation_rate": 1.0,
  "rounds": 2,
  "architecture": "clip_dual",
  "aggregation": "fedavg",
  "optimizer": "adamw",
  "defense": {
    "name": "none",
    "group": "classifier_head"
  },
  "runtime_seconds": 235.60855770111084,
  "best": {
    "run_id": "hateful_memes__clip_dual__target__image_only__c0.7__n4__p1.0__fedavg__seed993__def-none",
    "round": 2,
    "val_loss": 0.6946040654182434,
    "val_acc": 0.492,
    "val_macro_f1": 0.3332073252688172,
    "val_macro_precision": 0.41314553990610325,
    "val_macro_recall": 0.4979277015890288,
    "val_balanced_acc": 0.4979277015890288,
    "val_auroc": 0.5202829207405866,
    "test_loss": 0.6959579281806946,
    "test_acc": 0.485,
    "test_macro_f1": 0.3381815284536965,
    "test_macro_precision": 0.4278394763667579,
    "test_macro_recall": 0.49461784713885554,
    "test_balanced_acc": 0.49461784713885554,
    "test_auroc": 0.49534013605442173
  },
  "strict_data_overlap_allowed": false,
  "capture_manifest": {
    "run_dir": "results/acm_revision/core72_modality_first_v2_smoke_r2/image_only__c0p7__target__seed993__n4__s8__r2/hateful_memes__clip_dual__target__image_only__c0.7__n4__p1.0__fedavg__seed993__def-none",
    "n_updates": 8,
    "rounds": [
      1,
      2
    ],
    "milestone_rounds_present": [
      1,
      2
    ],
    "groups": {
      "classifier_bias": {
        "n_available": 8,
        "representations": [
          "exact"
        ]
      },
      "classifier_weight": {
        "n_available": 8,
        "representations": [
          "exact"
        ]
      },
      "classifier_head": {
        "n_available": 8,
        "representations": [
          "exact"
        ]
      },
      "fusion": {
        "n_available": 8,
        "representations": [
          "exact"
        ]
      },
      "image_encoder": {
        "n_available": 8,
        "representations": [
          "deterministic_coordinate_sketch"
        ]
      },
      "text_encoder": {
        "n_available": 8,
        "representations": [
          "deterministic_coordinate_sketch"
        ]
      },
      "missing_modality": {
        "n_available": 8,
        "representations": [
          "exact"
        ]
      },
      "all_shared": {
        "n_available": 8,
        "representations": [
          "deterministic_coordinate_sketch"
        ]
      },
      "full_update": {
        "n_available": 8,
        "representations": [
          "deterministic_signed_feature_hash_full_group"
        ]
      }
    },
    "status": "PASS",
    "failures": []
  }
}
