Warning: You are sending unauthenticated requests to the HF Hub. Please set a HF_TOKEN to enable higher rate limits and faster downloads.
Loading weights:   0%|          | 0/590 [00:00<?, ?it/s]Loading weights: 100%|██████████| 590/590 [00:00<00:00, 11467.12it/s]
{
  "run_id": "hateful_memes__clip_dual__target__modality_exclusive__c0.8__n12__p1.0__fedavg__seed42__def-none",
  "population": "target",
  "seed": 42,
  "setting_name": "modality_exclusive",
  "concentration": 0.8,
  "num_clients": 12,
  "participation_rate": 1.0,
  "rounds": 150,
  "architecture": "clip_dual",
  "aggregation": "fedavg",
  "optimizer": "adamw",
  "defense": {
    "name": "none",
    "group": "classifier_head"
  },
  "runtime_seconds": 42458.83887052536,
  "best": {
    "run_id": "hateful_memes__clip_dual__target__modality_exclusive__c0.8__n12__p1.0__fedavg__seed42__def-none",
    "round": 150,
    "val_loss": 0.6700983581542969,
    "val_acc": 0.578,
    "val_macro_f1": 0.5621952484697583,
    "val_macro_precision": 0.5876637797024207,
    "val_macro_recall": 0.5758029156198492,
    "val_balanced_acc": 0.5758029156198492,
    "val_auroc": 0.6415163783584836,
    "test_loss": 0.656527012348175,
    "test_acc": 0.615,
    "test_macro_f1": 0.6039546924168124,
    "test_macro_precision": 0.6240953002205448,
    "test_macro_recall": 0.611904761904762,
    "test_balanced_acc": 0.611904761904762,
    "test_auroc": 0.6887555022008804
  },
  "strict_data_overlap_allowed": false
}
