Warning: You are sending unauthenticated requests to the HF Hub. Please set a HF_TOKEN to enable higher rate limits and faster downloads.
Loading weights:   0%|          | 0/590 [00:00<?, ?it/s]Loading weights: 100%|██████████| 590/590 [00:00<00:00, 12984.30it/s]
{
  "run_id": "hateful_memes__clip_dual__target__modality_exclusive__c0.6__n20__p1.0__fedavg__seed42__def-none",
  "population": "target",
  "seed": 42,
  "setting_name": "modality_exclusive",
  "concentration": 0.6,
  "num_clients": 20,
  "participation_rate": 1.0,
  "rounds": 50,
  "architecture": "clip_dual",
  "aggregation": "fedavg",
  "optimizer": "adamw",
  "defense": {
    "name": "none",
    "group": "classifier_head"
  },
  "runtime_seconds": 25371.52190876007,
  "best": {
    "run_id": "hateful_memes__clip_dual__target__modality_exclusive__c0.6__n20__p1.0__fedavg__seed42__def-none",
    "round": 50,
    "val_loss": 0.6920874648094177,
    "val_acc": 0.516,
    "val_macro_f1": 0.4864176570458404,
    "val_macro_precision": 0.5168916842515008,
    "val_macro_recall": 0.5131938999215887,
    "val_balanced_acc": 0.5131938999215887,
    "val_auroc": 0.5264278056040069,
    "test_loss": 0.6897303733825684,
    "test_acc": 0.548,
    "test_macro_f1": 0.5227536690951325,
    "test_macro_precision": 0.5540674603174602,
    "test_macro_recall": 0.5436174469787916,
    "test_balanced_acc": 0.5436174469787916,
    "test_auroc": 0.5575350140056021
  },
  "strict_data_overlap_allowed": false
}
