Warning: You are sending unauthenticated requests to the HF Hub. Please set a HF_TOKEN to enable higher rate limits and faster downloads.
Loading weights:   0%|          | 0/590 [00:00<?, ?it/s]Loading weights: 100%|██████████| 590/590 [00:00<00:00, 7922.70it/s]
{
  "run_id": "hateful_memes__clip_dual__target__modality_exclusive__c0.6__n12__p1.0__fedavg__seed42__def-none",
  "population": "target",
  "seed": 42,
  "setting_name": "modality_exclusive",
  "concentration": 0.6,
  "num_clients": 12,
  "participation_rate": 1.0,
  "rounds": 150,
  "architecture": "clip_dual",
  "aggregation": "fedavg",
  "optimizer": "adamw",
  "defense": {
    "name": "none",
    "group": "classifier_head"
  },
  "runtime_seconds": 42177.37995457649,
  "best": {
    "run_id": "hateful_memes__clip_dual__target__modality_exclusive__c0.6__n12__p1.0__fedavg__seed42__def-none",
    "round": 150,
    "val_loss": 0.6648005471229553,
    "val_acc": 0.598,
    "val_macro_f1": 0.5871655733058385,
    "val_macro_precision": 0.6064946114577425,
    "val_macro_recall": 0.5961418444255973,
    "val_balanced_acc": 0.5961418444255973,
    "val_auroc": 0.6538541549983198,
    "test_loss": 0.6514565668106079,
    "test_acc": 0.624,
    "test_macro_f1": 0.6175363645610823,
    "test_macro_precision": 0.6290322580645161,
    "test_macro_recall": 0.6216486594637856,
    "test_balanced_acc": 0.6216486594637856,
    "test_auroc": 0.6932092837134854
  },
  "strict_data_overlap_allowed": false
}
