Warning: You are sending unauthenticated requests to the HF Hub. Please set a HF_TOKEN to enable higher rate limits and faster downloads.
Loading weights:   0%|          | 0/590 [00:00<?, ?it/s]Loading weights:  42%|████▏     | 248/590 [00:00<00:00, 2464.39it/s]Loading weights: 100%|██████████| 590/590 [00:00<00:00, 3218.86it/s]
{
  "run_id": "hateful_memes__clip_dual__target__modality_exclusive__c0.7__n12__p1.0__fedavg__seed43__def-none",
  "population": "target",
  "seed": 43,
  "setting_name": "modality_exclusive",
  "concentration": 0.7,
  "num_clients": 12,
  "participation_rate": 1.0,
  "rounds": 150,
  "architecture": "clip_dual",
  "aggregation": "fedavg",
  "optimizer": "adamw",
  "defense": {
    "name": "none",
    "group": "classifier_head"
  },
  "runtime_seconds": 13495.240781068802,
  "best": {
    "run_id": "hateful_memes__clip_dual__target__modality_exclusive__c0.7__n12__p1.0__fedavg__seed43__def-none",
    "round": 150,
    "val_loss": 0.6701222405433654,
    "val_acc": 0.62,
    "val_macro_f1": 0.6199756784434204,
    "val_macro_precision": 0.6202622856319355,
    "val_macro_recall": 0.6201853066841625,
    "val_balanced_acc": 0.6201853066841625,
    "val_auroc": 0.646845145700981,
    "test_loss": 0.6679026117324829,
    "test_acc": 0.622,
    "test_macro_f1": 0.6218774883062113,
    "test_macro_precision": 0.6218711990269509,
    "test_macro_recall": 0.6218887555022008,
    "test_balanced_acc": 0.6218887555022008,
    "test_auroc": 0.6544257703081232
  },
  "strict_data_overlap_allowed": false
}
