Warning: You are sending unauthenticated requests to the HF Hub. Please set a HF_TOKEN to enable higher rate limits and faster downloads.
Loading weights:   0%|          | 0/590 [00:00<?, ?it/s]Loading weights: 100%|██████████| 590/590 [00:00<00:00, 7226.85it/s]
{
  "run_id": "hateful_memes__clip_dual__target__modality_exclusive__c0.6__n12__p1.0__fedavg__seed42__def-none",
  "population": "target",
  "seed": 42,
  "setting_name": "modality_exclusive",
  "concentration": 0.6,
  "num_clients": 12,
  "participation_rate": 1.0,
  "rounds": 30,
  "architecture": "clip_dual",
  "aggregation": "fedavg",
  "optimizer": "adamw",
  "defense": {
    "name": "none",
    "group": "classifier_head"
  },
  "runtime_seconds": 10320.90108370781,
  "best": {
    "run_id": "hateful_memes__clip_dual__target__modality_exclusive__c0.6__n12__p1.0__fedavg__seed42__def-none",
    "round": 30,
    "val_loss": 0.6910320820808411,
    "val_acc": 0.526,
    "val_macro_f1": 0.5112011252686331,
    "val_macro_precision": 0.5270362888680471,
    "val_macro_recall": 0.5239874541934039,
    "val_balanced_acc": 0.5239874541934039,
    "val_auroc": 0.5374213886799699,
    "test_loss": 0.6887699780464173,
    "test_acc": 0.549,
    "test_macro_f1": 0.537897999436461,
    "test_macro_precision": 0.550333005786658,
    "test_macro_recall": 0.5461184473789515,
    "test_balanced_acc": 0.5461184473789515,
    "test_auroc": 0.5694497799119648
  },
  "strict_data_overlap_allowed": false
}
