Warning: You are sending unauthenticated requests to the HF Hub. Please set a HF_TOKEN to enable higher rate limits and faster downloads.
Loading weights:   0%|          | 0/590 [00:00<?, ?it/s]Loading weights: 100%|██████████| 590/590 [00:00<00:00, 8109.77it/s]
{
  "run_id": "hateful_memes__clip_dual__target__modality_exclusive__c0.5__n12__p1.0__fedavg__seed42__def-none",
  "population": "target",
  "seed": 42,
  "setting_name": "modality_exclusive",
  "concentration": 0.5,
  "num_clients": 12,
  "participation_rate": 1.0,
  "rounds": 50,
  "architecture": "clip_dual",
  "aggregation": "fedavg",
  "optimizer": "adamw",
  "defense": {
    "name": "none",
    "group": "classifier_head"
  },
  "runtime_seconds": 16872.258045196533,
  "best": {
    "run_id": "hateful_memes__clip_dual__target__modality_exclusive__c0.5__n12__p1.0__fedavg__seed42__def-none",
    "round": 50,
    "val_loss": 0.6886311478614807,
    "val_acc": 0.534,
    "val_macro_f1": 0.5269592616504046,
    "val_macro_precision": 0.5344629329004329,
    "val_macro_recall": 0.5326126962282569,
    "val_balanced_acc": 0.5326126962282569,
    "val_auroc": 0.5622729673072923,
    "test_loss": 0.6861322073936462,
    "test_acc": 0.578,
    "test_macro_f1": 0.5733857401656315,
    "test_macro_precision": 0.578908958219303,
    "test_macro_recall": 0.5761504601840737,
    "test_balanced_acc": 0.5761504601840737,
    "test_auroc": 0.5971828731492597
  },
  "strict_data_overlap_allowed": false
}
