Warning: You are sending unauthenticated requests to the HF Hub. Please set a HF_TOKEN to enable higher rate limits and faster downloads.
Loading weights:   0%|          | 0/590 [00:00<?, ?it/s]Loading weights: 100%|██████████| 590/590 [00:00<00:00, 7528.91it/s]
{
  "run_id": "hateful_memes__clip_dual__target__modality_exclusive__c0.9__n12__p1.0__fedavg__seed42__def-none",
  "population": "target",
  "seed": 42,
  "setting_name": "modality_exclusive",
  "concentration": 0.9,
  "num_clients": 12,
  "participation_rate": 1.0,
  "rounds": 150,
  "architecture": "clip_dual",
  "aggregation": "fedavg",
  "optimizer": "adamw",
  "defense": {
    "name": "none",
    "group": "classifier_head"
  },
  "runtime_seconds": 42424.6868417263,
  "best": {
    "run_id": "hateful_memes__clip_dual__target__modality_exclusive__c0.9__n12__p1.0__fedavg__seed42__def-none",
    "round": 145,
    "val_loss": 0.6704988718032837,
    "val_acc": 0.59,
    "val_macro_f1": 0.5838053589628023,
    "val_macro_precision": 0.593648538961039,
    "val_macro_recall": 0.5886207613896401,
    "val_balanced_acc": 0.5886207613896401,
    "val_auroc": 0.6318509865420621,
    "test_loss": 0.6648988904953003,
    "test_acc": 0.596,
    "test_macro_f1": 0.5890550300071203,
    "test_macro_precision": 0.599320882852292,
    "test_macro_recall": 0.5936374549819928,
    "test_balanced_acc": 0.5936374549819928,
    "test_auroc": 0.6470588235294118
  },
  "strict_data_overlap_allowed": false
}
