Warning: You are sending unauthenticated requests to the HF Hub. Please set a HF_TOKEN to enable higher rate limits and faster downloads.
Loading weights:   0%|          | 0/590 [00:00<?, ?it/s]Loading weights: 100%|██████████| 590/590 [00:00<00:00, 8312.14it/s]
{
  "run_id": "hateful_memes__clip_dual__target__modality_exclusive__c0.6__n12__p1.0__fedavg__seed42__def-none",
  "population": "target",
  "seed": 42,
  "setting_name": "modality_exclusive",
  "concentration": 0.6,
  "num_clients": 12,
  "participation_rate": 1.0,
  "rounds": 50,
  "architecture": "clip_dual",
  "aggregation": "fedavg",
  "optimizer": "adamw",
  "defense": {
    "name": "none",
    "group": "classifier_head"
  },
  "runtime_seconds": 16796.4245531559,
  "best": {
    "run_id": "hateful_memes__clip_dual__target__modality_exclusive__c0.6__n12__p1.0__fedavg__seed42__def-none",
    "round": 50,
    "val_loss": 0.6883243403434753,
    "val_acc": 0.538,
    "val_macro_f1": 0.5305469635940187,
    "val_macro_precision": 0.5387945670628184,
    "val_macro_recall": 0.5365652653982174,
    "val_balanced_acc": 0.5365652653982174,
    "val_auroc": 0.5667376102158711,
    "test_loss": 0.6859145503044128,
    "test_acc": 0.575,
    "test_macro_f1": 0.569304046008462,
    "test_macro_precision": 0.5762632074484779,
    "test_macro_recall": 0.5729291716686675,
    "test_balanced_acc": 0.5729291716686675,
    "test_auroc": 0.5975730292116846
  },
  "strict_data_overlap_allowed": false
}
