Warning: You are sending unauthenticated requests to the HF Hub. Please set a HF_TOKEN to enable higher rate limits and faster downloads.
Loading weights:   0%|          | 0/590 [00:00<?, ?it/s]Loading weights: 100%|██████████| 590/590 [00:00<00:00, 13042.88it/s]
{
  "run_id": "hateful_memes__clip_dual__target__modality_exclusive__c0.5__n20__p1.0__fedavg__seed42__def-none",
  "population": "target",
  "seed": 42,
  "setting_name": "modality_exclusive",
  "concentration": 0.5,
  "num_clients": 20,
  "participation_rate": 1.0,
  "rounds": 50,
  "architecture": "clip_dual",
  "aggregation": "fedavg",
  "optimizer": "adamw",
  "defense": {
    "name": "none",
    "group": "classifier_head"
  },
  "runtime_seconds": 25287.435782194138,
  "best": {
    "run_id": "hateful_memes__clip_dual__target__modality_exclusive__c0.5__n20__p1.0__fedavg__seed42__def-none",
    "round": 50,
    "val_loss": 0.6916423883438111,
    "val_acc": 0.522,
    "val_macro_f1": 0.49815008462155475,
    "val_macro_precision": 0.5237203495630463,
    "val_macro_recall": 0.5194588020674977,
    "val_balanced_acc": 0.5194588020674977,
    "val_auroc": 0.5313885199468723,
    "test_loss": 0.6896490082740784,
    "test_acc": 0.547,
    "test_macro_f1": 0.527927811512934,
    "test_macro_precision": 0.5505575616221507,
    "test_macro_recall": 0.5431972789115647,
    "test_balanced_acc": 0.5431972789115647,
    "test_auroc": 0.5597038815526211
  },
  "strict_data_overlap_allowed": false
}
