Warning: You are sending unauthenticated requests to the HF Hub. Please set a HF_TOKEN to enable higher rate limits and faster downloads.
Loading weights:   0%|          | 0/590 [00:00<?, ?it/s]Loading weights: 100%|██████████| 590/590 [00:00<00:00, 7227.44it/s]
{
  "run_id": "hateful_memes__clip_dual__target__modality_exclusive__c0.5__n12__p1.0__fedavg__seed43__def-none",
  "population": "target",
  "seed": 43,
  "setting_name": "modality_exclusive",
  "concentration": 0.5,
  "num_clients": 12,
  "participation_rate": 1.0,
  "rounds": 150,
  "architecture": "clip_dual",
  "aggregation": "fedavg",
  "optimizer": "adamw",
  "defense": {
    "name": "none",
    "group": "classifier_head"
  },
  "runtime_seconds": 43418.293560266495,
  "best": {
    "run_id": "hateful_memes__clip_dual__target__modality_exclusive__c0.5__n12__p1.0__fedavg__seed43__def-none",
    "round": 150,
    "val_loss": 0.6684061722755432,
    "val_acc": 0.612,
    "val_macro_f1": 0.6119937919006704,
    "val_macro_precision": 0.6121648659463785,
    "val_macro_recall": 0.6121361476052551,
    "val_balanced_acc": 0.6121361476052551,
    "val_auroc": 0.6447328415291802,
    "test_loss": 0.6652783818244934,
    "test_acc": 0.625,
    "test_macro_f1": 0.6249546195089606,
    "test_macro_precision": 0.6249804999219997,
    "test_macro_recall": 0.6250300120048019,
    "test_balanced_acc": 0.6250300120048019,
    "test_auroc": 0.6553901560624249
  },
  "strict_data_overlap_allowed": false
}
