Warning: You are sending unauthenticated requests to the HF Hub. Please set a HF_TOKEN to enable higher rate limits and faster downloads.
Loading weights:   0%|          | 0/590 [00:00<?, ?it/s]Loading weights: 100%|██████████| 590/590 [00:00<00:00, 7707.28it/s]
{
  "run_id": "hateful_memes__clip_dual__target__modality_exclusive__c0.6__n12__p1.0__fedavg__seed42__def-none",
  "population": "target",
  "seed": 42,
  "setting_name": "modality_exclusive",
  "concentration": 0.6,
  "num_clients": 12,
  "participation_rate": 1.0,
  "rounds": 80,
  "architecture": "clip_dual",
  "aggregation": "fedavg",
  "optimizer": "adamw",
  "defense": {
    "name": "none",
    "group": "classifier_head"
  },
  "runtime_seconds": 27121.333516597748,
  "best": {
    "run_id": "hateful_memes__clip_dual__target__modality_exclusive__c0.6__n12__p1.0__fedavg__seed42__def-none",
    "round": 80,
    "val_loss": 0.6835854964256287,
    "val_acc": 0.572,
    "val_macro_f1": 0.5683464846460441,
    "val_macro_precision": 0.5731315229757135,
    "val_macro_recall": 0.5709782208638043,
    "val_balanced_acc": 0.5709782208638043,
    "val_auroc": 0.6048390968299435,
    "test_loss": 0.680243375301361,
    "test_acc": 0.607,
    "test_macro_f1": 0.6055321852613575,
    "test_macro_precision": 0.6070942081415043,
    "test_macro_recall": 0.6060224089635855,
    "test_balanced_acc": 0.6060224089635855,
    "test_auroc": 0.6358523409363745
  },
  "strict_data_overlap_allowed": false
}
