Warning: You are sending unauthenticated requests to the HF Hub. Please set a HF_TOKEN to enable higher rate limits and faster downloads.
Loading weights:   0%|          | 0/590 [00:00<?, ?it/s]Loading weights: 100%|██████████| 590/590 [00:00<00:00, 12476.38it/s]
{
  "run_id": "hateful_memes__clip_dual__target__modality_exclusive__c0.6__n12__p1.0__fedavg__seed42__def-none",
  "population": "target",
  "seed": 42,
  "setting_name": "modality_exclusive",
  "concentration": 0.6,
  "num_clients": 12,
  "participation_rate": 1.0,
  "rounds": 120,
  "architecture": "clip_dual",
  "aggregation": "fedavg",
  "optimizer": "adamw",
  "defense": {
    "name": "none",
    "group": "classifier_head"
  },
  "runtime_seconds": 37928.85223388672,
  "best": {
    "run_id": "hateful_memes__clip_dual__target__modality_exclusive__c0.6__n12__p1.0__fedavg__seed42__def-none",
    "round": 120,
    "val_loss": 0.6740884718894958,
    "val_acc": 0.598,
    "val_macro_f1": 0.5934317997014454,
    "val_macro_precision": 0.6008333333333333,
    "val_macro_recall": 0.5968139412075338,
    "val_balanced_acc": 0.5968139412075338,
    "val_auroc": 0.637579811492855,
    "test_loss": 0.6671534051895142,
    "test_acc": 0.619,
    "test_macro_f1": 0.6164837498829823,
    "test_macro_precision": 0.6199996734147347,
    "test_macro_recall": 0.6176270508203281,
    "test_balanced_acc": 0.6176270508203281,
    "test_auroc": 0.6754181672669068
  },
  "strict_data_overlap_allowed": false
}
