Warning: You are sending unauthenticated requests to the HF Hub. Please set a HF_TOKEN to enable higher rate limits and faster downloads.
Loading weights:   0%|          | 0/590 [00:00<?, ?it/s]Loading weights: 100%|██████████| 590/590 [00:00<00:00, 7870.92it/s]
{
  "run_id": "hateful_memes__clip_dual__target__modality_exclusive__c0.5__n12__p1.0__fedavg__seed42__def-none",
  "population": "target",
  "seed": 42,
  "setting_name": "modality_exclusive",
  "concentration": 0.5,
  "num_clients": 12,
  "participation_rate": 1.0,
  "rounds": 80,
  "architecture": "clip_dual",
  "aggregation": "fedavg",
  "optimizer": "adamw",
  "defense": {
    "name": "none",
    "group": "classifier_head"
  },
  "runtime_seconds": 26588.00325512886,
  "best": {
    "run_id": "hateful_memes__clip_dual__target__modality_exclusive__c0.5__n12__p1.0__fedavg__seed42__def-none",
    "round": 80,
    "val_loss": 0.6834858779907227,
    "val_acc": 0.57,
    "val_macro_f1": 0.5683407016571702,
    "val_macro_precision": 0.5702086979065397,
    "val_macro_recall": 0.5693379846697924,
    "val_balanced_acc": 0.5693379846697924,
    "val_auroc": 0.605527195916212,
    "test_loss": 0.6805453491210938,
    "test_acc": 0.605,
    "test_macro_f1": 0.6045693760505191,
    "test_macro_precision": 0.6047616757057934,
    "test_macro_recall": 0.6045818327330932,
    "test_balanced_acc": 0.6045818327330932,
    "test_auroc": 0.635188075230092
  },
  "strict_data_overlap_allowed": false
}
