Warning: You are sending unauthenticated requests to the HF Hub. Please set a HF_TOKEN to enable higher rate limits and faster downloads.
Loading weights:   0%|          | 0/590 [00:00<?, ?it/s]Loading weights:   8%|▊         | 46/590 [00:00<00:01, 459.62it/s]Loading weights:  17%|█▋        | 102/590 [00:00<00:00, 518.39it/s]Loading weights:  30%|███       | 179/590 [00:00<00:00, 619.31it/s]Loading weights:  42%|████▏     | 248/590 [00:00<00:00, 635.70it/s]Loading weights: 100%|██████████| 590/590 [00:00<00:00, 1176.81it/s]
{
  "run_id": "hateful_memes__clip_dual__target__modality_exclusive__c0.5__n12__p1.0__fedavg__seed42__def-none",
  "population": "target",
  "seed": 42,
  "setting_name": "modality_exclusive",
  "concentration": 0.5,
  "num_clients": 12,
  "participation_rate": 1.0,
  "rounds": 150,
  "architecture": "clip_dual",
  "aggregation": "fedavg",
  "optimizer": "adamw",
  "defense": {
    "name": "none",
    "group": "classifier_head"
  },
  "runtime_seconds": 62405.48551154137,
  "best": {
    "run_id": "hateful_memes__clip_dual__target__modality_exclusive__c0.5__n12__p1.0__fedavg__seed42__def-none",
    "round": 150,
    "val_loss": 0.6638687605857849,
    "val_acc": 0.604,
    "val_macro_f1": 0.5956146657081236,
    "val_macro_precision": 0.6107830062869117,
    "val_macro_recall": 0.6023587396585108,
    "val_balanced_acc": 0.6023587396585108,
    "val_auroc": 0.6558864476484614,
    "test_loss": 0.65233167552948,
    "test_acc": 0.625,
    "test_macro_f1": 0.62049105421513,
    "test_macro_precision": 0.6280396671093551,
    "test_macro_recall": 0.6230692276910764,
    "test_balanced_acc": 0.6230692276910764,
    "test_auroc": 0.6908783513405361
  },
  "strict_data_overlap_allowed": false,
  "capture_manifest": {
    "run_dir": "results/acm_revision/core72_modality_first_v2_r150/modality_exclusive__c0p5__target__seed42__n12__s200__r150/hateful_memes__clip_dual__target__modality_exclusive__c0.5__n12__p1.0__fedavg__seed42__def-none",
    "n_updates": 1800,
    "rounds": [
      1,
      2,
      3,
      4,
      5,
      6,
      7,
      8,
      9,
      10,
      11,
      12,
      13,
      14,
      15,
      16,
      17,
      18,
      19,
      20,
      21,
      22,
      23,
      24,
      25,
      26,
      27,
      28,
      29,
      30,
      31,
      32,
      33,
      34,
      35,
      36,
      37,
      38,
      39,
      40,
      41,
      42,
      43,
      44,
      45,
      46,
      47,
      48,
      49,
      50,
      51,
      52,
      53,
      54,
      55,
      56,
      57,
      58,
      59,
      60,
      61,
      62,
      63,
      64,
      65,
      66,
      67,
      68,
      69,
      70,
      71,
      72,
      73,
      74,
      75,
      76,
      77,
      78,
      79,
      80,
      81,
      82,
      83,
      84,
      85,
      86,
      87,
      88,
      89,
      90,
      91,
      92,
      93,
      94,
      95,
      96,
      97,
      98,
      99,
      100,
      101,
      102,
      103,
      104,
      105,
      106,
      107,
      108,
      109,
      110,
      111,
      112,
      113,
      114,
      115,
      116,
      117,
      118,
      119,
      120,
      121,
      122,
      123,
      124,
      125,
      126,
      127,
      128,
      129,
      130,
      131,
      132,
      133,
      134,
      135,
      136,
      137,
      138,
      139,
      140,
      141,
      142,
      143,
      144,
      145,
      146,
      147,
      148,
      149,
      150
    ],
    "milestone_rounds_present": [
      1,
      5,
      10,
      20,
      30,
      50,
      75,
      100,
      125,
      150
    ],
    "groups": {
      "classifier_bias": {
        "n_available": 1800,
        "representations": [
          "exact"
        ]
      },
      "classifier_weight": {
        "n_available": 1800,
        "representations": [
          "exact"
        ]
      },
      "classifier_head": {
        "n_available": 1800,
        "representations": [
          "exact"
        ]
      },
      "fusion": {
        "n_available": 120,
        "representations": [
          "exact"
        ]
      },
      "image_encoder": {
        "n_available": 120,
        "representations": [
          "deterministic_coordinate_sketch"
        ]
      },
      "text_encoder": {
        "n_available": 120,
        "representations": [
          "deterministic_coordinate_sketch"
        ]
      },
      "missing_modality": {
        "n_available": 120,
        "representations": [
          "exact"
        ]
      },
      "all_shared": {
        "n_available": 120,
        "representations": [
          "deterministic_coordinate_sketch"
        ]
      },
      "full_update": {
        "n_available": 120,
        "representations": [
          "deterministic_signed_feature_hash_full_group"
        ]
      }
    },
    "status": "PASS",
    "failures": []
  }
}
