Warning: You are sending unauthenticated requests to the HF Hub. Please set a HF_TOKEN to enable higher rate limits and faster downloads.
Loading weights:   0%|          | 0/590 [00:00<?, ?it/s]Loading weights: 100%|██████████| 590/590 [00:00<00:00, 8607.65it/s]
[ROUND RESUME] run=hateful_memes__clip_dual__target__modality_exclusive__c0.7__n12__p1.0__fedavg__seed42__def-streaming_clip_gaussian checkpoint=round_0015.pt completed_round=15; continuing at round 16
[ROUND CHECKPOINT] completed_round=30 saved=results/acm_revision/defense70_r150/clipgauss_strong/hateful_memes__clip_dual__target__modality_exclusive__c0.7__n12__p1.0__fedavg__seed42__def-streaming_clip_gaussian/resume/round_0030.pt
[ROUND CHECKPOINT] completed_round=45 saved=results/acm_revision/defense70_r150/clipgauss_strong/hateful_memes__clip_dual__target__modality_exclusive__c0.7__n12__p1.0__fedavg__seed42__def-streaming_clip_gaussian/resume/round_0045.pt
[ROUND CHECKPOINT] completed_round=60 saved=results/acm_revision/defense70_r150/clipgauss_strong/hateful_memes__clip_dual__target__modality_exclusive__c0.7__n12__p1.0__fedavg__seed42__def-streaming_clip_gaussian/resume/round_0060.pt
[ROUND CHECKPOINT] completed_round=75 saved=results/acm_revision/defense70_r150/clipgauss_strong/hateful_memes__clip_dual__target__modality_exclusive__c0.7__n12__p1.0__fedavg__seed42__def-streaming_clip_gaussian/resume/round_0075.pt
[ROUND CHECKPOINT] completed_round=90 saved=results/acm_revision/defense70_r150/clipgauss_strong/hateful_memes__clip_dual__target__modality_exclusive__c0.7__n12__p1.0__fedavg__seed42__def-streaming_clip_gaussian/resume/round_0090.pt
[ROUND CHECKPOINT] completed_round=105 saved=results/acm_revision/defense70_r150/clipgauss_strong/hateful_memes__clip_dual__target__modality_exclusive__c0.7__n12__p1.0__fedavg__seed42__def-streaming_clip_gaussian/resume/round_0105.pt
[ROUND CHECKPOINT] completed_round=120 saved=results/acm_revision/defense70_r150/clipgauss_strong/hateful_memes__clip_dual__target__modality_exclusive__c0.7__n12__p1.0__fedavg__seed42__def-streaming_clip_gaussian/resume/round_0120.pt
[ROUND CHECKPOINT] completed_round=135 saved=results/acm_revision/defense70_r150/clipgauss_strong/hateful_memes__clip_dual__target__modality_exclusive__c0.7__n12__p1.0__fedavg__seed42__def-streaming_clip_gaussian/resume/round_0135.pt
[ROUND CHECKPOINT] completed_round=150 saved=results/acm_revision/defense70_r150/clipgauss_strong/hateful_memes__clip_dual__target__modality_exclusive__c0.7__n12__p1.0__fedavg__seed42__def-streaming_clip_gaussian/resume/round_0150.pt
{
  "run_id": "hateful_memes__clip_dual__target__modality_exclusive__c0.7__n12__p1.0__fedavg__seed42__def-streaming_clip_gaussian",
  "population": "target",
  "seed": 42,
  "setting_name": "modality_exclusive",
  "concentration": 0.7,
  "num_clients": 12,
  "participation_rate": 1.0,
  "rounds": 150,
  "architecture": "clip_dual",
  "aggregation": "fedavg",
  "optimizer": "adamw",
  "defense": {
    "name": "streaming_clip_gaussian",
    "group": "full_update",
    "clip_norm": 0.04176438133579316,
    "noise_l2_ratio": 0.15,
    "calibrated_on_shadow_val_only": true
  },
  "runtime_seconds": 65941.84880948067,
  "best": {
    "run_id": "hateful_memes__clip_dual__target__modality_exclusive__c0.7__n12__p1.0__fedavg__seed42__def-streaming_clip_gaussian",
    "round": 150,
    "val_loss": 0.6774080805778503,
    "val_acc": 0.588,
    "val_macro_f1": 0.5841676894257477,
    "val_macro_precision": 0.5898305084745763,
    "val_macro_recall": 0.5869325182826327,
    "val_balanced_acc": 0.5869325182826327,
    "val_auroc": 0.6263301915475828,
    "test_loss": 0.6732731966972351,
    "test_acc": 0.613,
    "test_macro_f1": 0.6108108108108108,
    "test_macro_precision": 0.6136201810599125,
    "test_macro_recall": 0.6117446978791516,
    "test_balanced_acc": 0.6117446978791516,
    "test_auroc": 0.6554501800720287
  },
  "strict_data_overlap_allowed": false,
  "round_resume": {
    "enabled": true,
    "checkpoint_every": 15,
    "keep_last": 2,
    "resumed_from_round": 15
  },
  "capture_manifest": {
    "run_dir": "results/acm_revision/defense70_r150/clipgauss_strong/hateful_memes__clip_dual__target__modality_exclusive__c0.7__n12__p1.0__fedavg__seed42__def-streaming_clip_gaussian",
    "n_updates": 1800,
    "rounds": [
      1,
      2,
      3,
      4,
      5,
      6,
      7,
      8,
      9,
      10,
      11,
      12,
      13,
      14,
      15,
      16,
      17,
      18,
      19,
      20,
      21,
      22,
      23,
      24,
      25,
      26,
      27,
      28,
      29,
      30,
      31,
      32,
      33,
      34,
      35,
      36,
      37,
      38,
      39,
      40,
      41,
      42,
      43,
      44,
      45,
      46,
      47,
      48,
      49,
      50,
      51,
      52,
      53,
      54,
      55,
      56,
      57,
      58,
      59,
      60,
      61,
      62,
      63,
      64,
      65,
      66,
      67,
      68,
      69,
      70,
      71,
      72,
      73,
      74,
      75,
      76,
      77,
      78,
      79,
      80,
      81,
      82,
      83,
      84,
      85,
      86,
      87,
      88,
      89,
      90,
      91,
      92,
      93,
      94,
      95,
      96,
      97,
      98,
      99,
      100,
      101,
      102,
      103,
      104,
      105,
      106,
      107,
      108,
      109,
      110,
      111,
      112,
      113,
      114,
      115,
      116,
      117,
      118,
      119,
      120,
      121,
      122,
      123,
      124,
      125,
      126,
      127,
      128,
      129,
      130,
      131,
      132,
      133,
      134,
      135,
      136,
      137,
      138,
      139,
      140,
      141,
      142,
      143,
      144,
      145,
      146,
      147,
      148,
      149,
      150
    ],
    "milestone_rounds_present": [
      1,
      10,
      30,
      50,
      75,
      100,
      125,
      150
    ],
    "groups": {
      "classifier_bias": {
        "n_available": 1800,
        "representations": [
          "exact"
        ]
      },
      "classifier_weight": {
        "n_available": 1800,
        "representations": [
          "exact"
        ]
      },
      "classifier_head": {
        "n_available": 1800,
        "representations": [
          "exact"
        ]
      },
      "fusion": {
        "n_available": 96,
        "representations": [
          "exact"
        ]
      },
      "image_encoder": {
        "n_available": 96,
        "representations": [
          "deterministic_coordinate_sketch"
        ]
      },
      "text_encoder": {
        "n_available": 96,
        "representations": [
          "deterministic_coordinate_sketch"
        ]
      },
      "missing_modality": {
        "n_available": 96,
        "representations": [
          "exact"
        ]
      },
      "all_shared": {
        "n_available": 96,
        "representations": [
          "deterministic_coordinate_sketch"
        ]
      },
      "full_update": {
        "n_available": 96,
        "representations": [
          "deterministic_signed_feature_hash_full_group"
        ]
      }
    },
    "status": "PASS",
    "failures": []
  }
}
