Warning: You are sending unauthenticated requests to the HF Hub. Please set a HF_TOKEN to enable higher rate limits and faster downloads.
Loading weights:   0%|          | 0/590 [00:00<?, ?it/s]Loading weights:  16%|█▌        | 92/590 [00:00<00:00, 595.62it/s]Loading weights:  26%|██▌       | 152/590 [00:00<00:03, 134.66it/s]Loading weights:  40%|███▉      | 234/590 [00:01<00:01, 201.32it/s]Loading weights:  50%|█████     | 296/590 [00:01<00:01, 244.30it/s]Loading weights:  57%|█████▋    | 334/590 [00:01<00:01, 234.13it/s]Loading weights:  62%|██████▏   | 366/590 [00:01<00:00, 248.06it/s]Loading weights:  68%|██████▊   | 400/590 [00:01<00:00, 246.65it/s]Loading weights:  74%|███████▍  | 436/590 [00:02<00:00, 200.70it/s]Loading weights:  84%|████████▍ | 498/590 [00:02<00:00, 263.38it/s]Loading weights:  93%|█████████▎| 550/590 [00:02<00:00, 303.26it/s]Loading weights: 100%|██████████| 590/590 [00:02<00:00, 251.13it/s]
[ROUND RESUME] run=hateful_memes__clip_dual__target__modality_exclusive__c0.7__n12__p1.0__fedavg__seed45__def-implicit_hash_pca checkpoint=round_0060.pt completed_round=60; continuing at round 61
Traceback (most recent call last):
  File "/home/deli/Data/miniconda3/envs/mfl/lib/python3.10/runpy.py", line 196, in _run_module_as_main
    return _run_code(code, main_globals, None,
  File "/home/deli/Data/miniconda3/envs/mfl/lib/python3.10/runpy.py", line 86, in _run_code
    exec(code, run_globals)
  File "/data/deli/MFL-new/MFL-new/src/acm_revision/privacy_capture_runner_resume_v2.py", line 26, in <module>
    main()
  File "/data/deli/MFL-new/MFL-new/src/acm_revision/privacy_capture_runner_resume_v2.py", line 22, in main
    base.main()
  File "/data/deli/MFL-new/MFL-new/src/acm_revision/privacy_capture_runner.py", line 331, in main
    print(json.dumps(run_from_config(args.config, args.population), ensure_ascii=False, indent=2))
  File "/data/deli/MFL-new/MFL-new/src/acm_revision/privacy_capture_runner.py", line 306, in run_from_config
    summary = fl.run_strict_fl(cfg, population=population)
  File "/data/deli/MFL-new/MFL-new/src/acm_revision/fl_resume.py", line 369, in run_strict_fl
    after_raw, local_metrics = base.local_train(
  File "/data/deli/MFL-new/MFL-new/src/acm_revision/fl.py", line 251, in local_train
    for batch in loader:
  File "/home/deli/Data/miniconda3/envs/mfl/lib/python3.10/site-packages/torch/utils/data/dataloader.py", line 491, in __iter__
    return self._get_iterator()
  File "/home/deli/Data/miniconda3/envs/mfl/lib/python3.10/site-packages/torch/utils/data/dataloader.py", line 422, in _get_iterator
    return _MultiProcessingDataLoaderIter(self)
  File "/home/deli/Data/miniconda3/envs/mfl/lib/python3.10/site-packages/torch/utils/data/dataloader.py", line 1146, in __init__
    w.start()
  File "/home/deli/Data/miniconda3/envs/mfl/lib/python3.10/multiprocessing/process.py", line 121, in start
    self._popen = self._Popen(self)
  File "/home/deli/Data/miniconda3/envs/mfl/lib/python3.10/multiprocessing/context.py", line 224, in _Popen
    return _default_context.get_context().Process._Popen(process_obj)
  File "/home/deli/Data/miniconda3/envs/mfl/lib/python3.10/multiprocessing/context.py", line 281, in _Popen
    return Popen(process_obj)
  File "/home/deli/Data/miniconda3/envs/mfl/lib/python3.10/multiprocessing/popen_fork.py", line 19, in __init__
    self._launch(process_obj)
  File "/home/deli/Data/miniconda3/envs/mfl/lib/python3.10/multiprocessing/popen_fork.py", line 66, in _launch
    self.pid = os.fork()
OSError: [Errno 12] Cannot allocate memory
