Warning: You are sending unauthenticated requests to the HF Hub. Please set a HF_TOKEN to enable higher rate limits and faster downloads.
Loading weights:   0%|          | 0/590 [00:00<?, ?it/s]Loading weights:  10%|▉         | 57/590 [00:00<00:00, 553.95it/s]Loading weights:  19%|█▉        | 113/590 [00:00<00:00, 542.76it/s]Loading weights:  29%|██▉       | 171/590 [00:00<00:00, 553.90it/s]Loading weights:  38%|███▊      | 227/590 [00:00<00:00, 548.14it/s]Loading weights:  48%|████▊     | 282/590 [00:00<00:00, 478.52it/s]Loading weights:  56%|█████▋    | 333/590 [00:00<00:00, 473.96it/s]Loading weights:  65%|██████▍   | 382/590 [00:00<00:00, 450.69it/s]Loading weights:  73%|███████▎  | 428/590 [00:00<00:00, 414.69it/s]Loading weights:  80%|███████▉  | 471/590 [00:01<00:00, 409.60it/s]Loading weights:  87%|████████▋ | 513/590 [00:01<00:00, 363.12it/s]Loading weights:  96%|█████████▌| 564/590 [00:01<00:00, 390.94it/s]Loading weights: 100%|██████████| 590/590 [00:01<00:00, 452.45it/s]
[ROUND RESUME] run=hateful_memes__clip_dual__target__modality_exclusive__c0.7__n12__p1.0__fedavg__seed45__def-implicit_hash_pca checkpoint=round_0090.pt completed_round=90; continuing at round 91
[ROUND CHECKPOINT] completed_round=105 saved=results/acm_revision/defense70_r150/pca_strong/hateful_memes__clip_dual__target__modality_exclusive__c0.7__n12__p1.0__fedavg__seed45__def-implicit_hash_pca/resume/round_0105.pt
[ROUND CHECKPOINT] completed_round=120 saved=results/acm_revision/defense70_r150/pca_strong/hateful_memes__clip_dual__target__modality_exclusive__c0.7__n12__p1.0__fedavg__seed45__def-implicit_hash_pca/resume/round_0120.pt
[ROUND CHECKPOINT] completed_round=135 saved=results/acm_revision/defense70_r150/pca_strong/hateful_memes__clip_dual__target__modality_exclusive__c0.7__n12__p1.0__fedavg__seed45__def-implicit_hash_pca/resume/round_0135.pt
[ROUND CHECKPOINT] completed_round=150 saved=results/acm_revision/defense70_r150/pca_strong/hateful_memes__clip_dual__target__modality_exclusive__c0.7__n12__p1.0__fedavg__seed45__def-implicit_hash_pca/resume/round_0150.pt
{
  "run_id": "hateful_memes__clip_dual__target__modality_exclusive__c0.7__n12__p1.0__fedavg__seed45__def-implicit_hash_pca",
  "population": "target",
  "seed": 45,
  "setting_name": "modality_exclusive",
  "concentration": 0.7,
  "num_clients": 12,
  "participation_rate": 1.0,
  "rounds": 150,
  "architecture": "clip_dual",
  "aggregation": "fedavg",
  "optimizer": "adamw",
  "defense": {
    "name": "implicit_hash_pca",
    "group": "full_update",
    "basis_path": "results/acm_revision/defense70_prep/bases/full_update_pca.npz",
    "rank": 5,
    "alpha": 1.0,
    "projection_dim": 512,
    "projection_seed": 20260820,
    "basis_interpretation": "implicit_original_space_basis_B_equals_HtU"
  },
  "runtime_seconds": 107403.16747808456,
  "best": {
    "run_id": "hateful_memes__clip_dual__target__modality_exclusive__c0.7__n12__p1.0__fedavg__seed45__def-implicit_hash_pca",
    "round": 135,
    "val_loss": 0.6736997785568237,
    "val_acc": 0.606,
    "val_macro_f1": 0.6053037558252758,
    "val_macro_precision": 0.6061181163149768,
    "val_macro_recall": 0.6055832039813733,
    "val_balanced_acc": 0.6055832039813733,
    "val_auroc": 0.6196252260325488,
    "test_loss": 0.660091212272644,
    "test_acc": 0.614,
    "test_macro_f1": 0.6117575113857642,
    "test_macro_precision": 0.6146781521225839,
    "test_macro_recall": 0.6127250900360144,
    "test_balanced_acc": 0.6127250900360144,
    "test_auroc": 0.6635494197679072
  },
  "strict_data_overlap_allowed": false,
  "round_resume": {
    "enabled": true,
    "checkpoint_every": 15,
    "keep_last": 2,
    "resumed_from_round": 90
  },
  "capture_manifest": {
    "run_dir": "results/acm_revision/defense70_r150/pca_strong/hateful_memes__clip_dual__target__modality_exclusive__c0.7__n12__p1.0__fedavg__seed45__def-implicit_hash_pca",
    "n_updates": 1800,
    "rounds": [
      1,
      2,
      3,
      4,
      5,
      6,
      7,
      8,
      9,
      10,
      11,
      12,
      13,
      14,
      15,
      16,
      17,
      18,
      19,
      20,
      21,
      22,
      23,
      24,
      25,
      26,
      27,
      28,
      29,
      30,
      31,
      32,
      33,
      34,
      35,
      36,
      37,
      38,
      39,
      40,
      41,
      42,
      43,
      44,
      45,
      46,
      47,
      48,
      49,
      50,
      51,
      52,
      53,
      54,
      55,
      56,
      57,
      58,
      59,
      60,
      61,
      62,
      63,
      64,
      65,
      66,
      67,
      68,
      69,
      70,
      71,
      72,
      73,
      74,
      75,
      76,
      77,
      78,
      79,
      80,
      81,
      82,
      83,
      84,
      85,
      86,
      87,
      88,
      89,
      90,
      91,
      92,
      93,
      94,
      95,
      96,
      97,
      98,
      99,
      100,
      101,
      102,
      103,
      104,
      105,
      106,
      107,
      108,
      109,
      110,
      111,
      112,
      113,
      114,
      115,
      116,
      117,
      118,
      119,
      120,
      121,
      122,
      123,
      124,
      125,
      126,
      127,
      128,
      129,
      130,
      131,
      132,
      133,
      134,
      135,
      136,
      137,
      138,
      139,
      140,
      141,
      142,
      143,
      144,
      145,
      146,
      147,
      148,
      149,
      150
    ],
    "milestone_rounds_present": [
      1,
      10,
      30,
      50,
      75,
      100,
      125,
      150
    ],
    "groups": {
      "classifier_bias": {
        "n_available": 1800,
        "representations": [
          "exact"
        ]
      },
      "classifier_weight": {
        "n_available": 1800,
        "representations": [
          "exact"
        ]
      },
      "classifier_head": {
        "n_available": 1800,
        "representations": [
          "exact"
        ]
      },
      "fusion": {
        "n_available": 96,
        "representations": [
          "exact"
        ]
      },
      "image_encoder": {
        "n_available": 96,
        "representations": [
          "deterministic_coordinate_sketch"
        ]
      },
      "text_encoder": {
        "n_available": 96,
        "representations": [
          "deterministic_coordinate_sketch"
        ]
      },
      "missing_modality": {
        "n_available": 96,
        "representations": [
          "exact"
        ]
      },
      "all_shared": {
        "n_available": 96,
        "representations": [
          "deterministic_coordinate_sketch"
        ]
      },
      "full_update": {
        "n_available": 96,
        "representations": [
          "deterministic_signed_feature_hash_full_group"
        ]
      }
    },
    "status": "PASS",
    "failures": []
  }
}
