Warning: You are sending unauthenticated requests to the HF Hub. Please set a HF_TOKEN to enable higher rate limits and faster downloads.
Loading weights:   0%|          | 0/590 [00:00<?, ?it/s]Loading weights:  11%|█         | 64/590 [00:00<00:01, 503.74it/s]Loading weights:  19%|█▉        | 115/590 [00:00<00:01, 258.15it/s]Loading weights:  25%|██▌       | 148/590 [00:00<00:01, 254.48it/s]Loading weights:  30%|███       | 177/590 [00:00<00:01, 218.89it/s]Loading weights:  34%|███▍      | 201/590 [00:01<00:02, 151.17it/s]Loading weights:  46%|████▋     | 274/590 [00:01<00:01, 246.19it/s]Loading weights:  52%|█████▏    | 305/590 [00:01<00:01, 220.54it/s]Loading weights:  57%|█████▋    | 336/590 [00:01<00:01, 208.07it/s]Loading weights:  63%|██████▎   | 372/590 [00:01<00:00, 230.13it/s]Loading weights:  67%|██████▋   | 398/590 [00:01<00:00, 214.78it/s]Loading weights:  72%|███████▏  | 425/590 [00:01<00:00, 206.33it/s]Loading weights:  76%|███████▌  | 448/590 [00:02<00:00, 205.13it/s]Loading weights:  80%|███████▉  | 470/590 [00:02<00:00, 179.54it/s]Loading weights:  85%|████████▍ | 500/590 [00:02<00:00, 188.46it/s]Loading weights:  88%|████████▊ | 520/590 [00:02<00:00, 186.16it/s]Loading weights:  95%|█████████▌| 561/590 [00:02<00:00, 234.33it/s]Loading weights: 100%|██████████| 590/590 [00:02<00:00, 222.23it/s]
[ROUND RESUME] no checkpoint found; starting run=hateful_memes__clip_dual__target__modality_exclusive__c0.7__n12__p1.0__fedavg__seed45__def-layerwise_mixed_filter from round 1
[ROUND CHECKPOINT] completed_round=15 saved=results/acm_revision/defense70_r150/proposed_system_weak/hateful_memes__clip_dual__target__modality_exclusive__c0.7__n12__p1.0__fedavg__seed45__def-layerwise_mixed_filter/resume/round_0015.pt
[ROUND CHECKPOINT] completed_round=30 saved=results/acm_revision/defense70_r150/proposed_system_weak/hateful_memes__clip_dual__target__modality_exclusive__c0.7__n12__p1.0__fedavg__seed45__def-layerwise_mixed_filter/resume/round_0030.pt
[ROUND CHECKPOINT] completed_round=45 saved=results/acm_revision/defense70_r150/proposed_system_weak/hateful_memes__clip_dual__target__modality_exclusive__c0.7__n12__p1.0__fedavg__seed45__def-layerwise_mixed_filter/resume/round_0045.pt
[ROUND CHECKPOINT] completed_round=60 saved=results/acm_revision/defense70_r150/proposed_system_weak/hateful_memes__clip_dual__target__modality_exclusive__c0.7__n12__p1.0__fedavg__seed45__def-layerwise_mixed_filter/resume/round_0060.pt
[ROUND CHECKPOINT] completed_round=75 saved=results/acm_revision/defense70_r150/proposed_system_weak/hateful_memes__clip_dual__target__modality_exclusive__c0.7__n12__p1.0__fedavg__seed45__def-layerwise_mixed_filter/resume/round_0075.pt
[ROUND CHECKPOINT] completed_round=90 saved=results/acm_revision/defense70_r150/proposed_system_weak/hateful_memes__clip_dual__target__modality_exclusive__c0.7__n12__p1.0__fedavg__seed45__def-layerwise_mixed_filter/resume/round_0090.pt
[ROUND CHECKPOINT] completed_round=105 saved=results/acm_revision/defense70_r150/proposed_system_weak/hateful_memes__clip_dual__target__modality_exclusive__c0.7__n12__p1.0__fedavg__seed45__def-layerwise_mixed_filter/resume/round_0105.pt
[ROUND CHECKPOINT] completed_round=120 saved=results/acm_revision/defense70_r150/proposed_system_weak/hateful_memes__clip_dual__target__modality_exclusive__c0.7__n12__p1.0__fedavg__seed45__def-layerwise_mixed_filter/resume/round_0120.pt
[ROUND CHECKPOINT] completed_round=135 saved=results/acm_revision/defense70_r150/proposed_system_weak/hateful_memes__clip_dual__target__modality_exclusive__c0.7__n12__p1.0__fedavg__seed45__def-layerwise_mixed_filter/resume/round_0135.pt
[ROUND CHECKPOINT] completed_round=150 saved=results/acm_revision/defense70_r150/proposed_system_weak/hateful_memes__clip_dual__target__modality_exclusive__c0.7__n12__p1.0__fedavg__seed45__def-layerwise_mixed_filter/resume/round_0150.pt
{
  "run_id": "hateful_memes__clip_dual__target__modality_exclusive__c0.7__n12__p1.0__fedavg__seed45__def-layerwise_mixed_filter",
  "population": "target",
  "seed": 45,
  "setting_name": "modality_exclusive",
  "concentration": 0.7,
  "num_clients": 12,
  "participation_rate": 1.0,
  "rounds": 150,
  "architecture": "clip_dual",
  "aggregation": "fedavg",
  "optimizer": "adamw",
  "defense": {
    "name": "layerwise_mixed_filter",
    "protocol_name": "contrast_aware_system_wide_layerwise",
    "layers": [
      {
        "name": "contrast_filter",
        "group": "classifier_head",
        "basis_path": "results/acm_revision/defense70_prep/bases/contrast_bases.npz",
        "rank": 1,
        "alpha": 0.25
      },
      {
        "name": "contrast_filter",
        "group": "fusion",
        "basis_path": "results/acm_revision/defense70_prep/bases/contrast_bases.npz",
        "rank": 1,
        "alpha": 0.25
      },
      {
        "name": "contrast_filter",
        "group": "missing_modality",
        "basis_path": "results/acm_revision/defense70_prep/bases/contrast_bases.npz",
        "rank": 1,
        "alpha": 0.25
      },
      {
        "name": "implicit_hash_contrast",
        "group": "image_encoder",
        "basis_path": "results/acm_revision/defense70_prep/bases/contrast_bases.npz",
        "rank": 1,
        "alpha": 0.25,
        "projection_dim": 512,
        "projection_seed": 20260820,
        "basis_interpretation": "implicit_original_space_basis_B_equals_HtU"
      },
      {
        "name": "implicit_hash_contrast",
        "group": "text_encoder",
        "basis_path": "results/acm_revision/defense70_prep/bases/contrast_bases.npz",
        "rank": 1,
        "alpha": 0.25,
        "projection_dim": 512,
        "projection_seed": 20260820,
        "basis_interpretation": "implicit_original_space_basis_B_equals_HtU"
      }
    ],
    "all_defense_parameters_frozen_before_formal_target_runs": true
  },
  "runtime_seconds": 112370.18064880371,
  "best": {
    "run_id": "hateful_memes__clip_dual__target__modality_exclusive__c0.7__n12__p1.0__fedavg__seed45__def-layerwise_mixed_filter",
    "round": 125,
    "val_loss": 0.675657666683197,
    "val_acc": 0.596,
    "val_macro_f1": 0.5958383353341337,
    "val_macro_precision": 0.5959071912379306,
    "val_macro_recall": 0.5958458017954585,
    "val_balanced_acc": 0.5958458017954585,
    "val_auroc": 0.620681378118449,
    "test_loss": 0.6649562458992004,
    "test_acc": 0.618,
    "test_macro_f1": 0.6168828303332518,
    "test_macro_precision": 0.6180340557275542,
    "test_macro_recall": 0.6171668667466987,
    "test_balanced_acc": 0.6171668667466987,
    "test_auroc": 0.6615686274509803
  },
  "strict_data_overlap_allowed": false,
  "round_resume": {
    "enabled": true,
    "checkpoint_every": 15,
    "keep_last": 2,
    "resumed_from_round": 0
  },
  "capture_manifest": {
    "run_dir": "results/acm_revision/defense70_r150/proposed_system_weak/hateful_memes__clip_dual__target__modality_exclusive__c0.7__n12__p1.0__fedavg__seed45__def-layerwise_mixed_filter",
    "n_updates": 1800,
    "rounds": [
      1,
      2,
      3,
      4,
      5,
      6,
      7,
      8,
      9,
      10,
      11,
      12,
      13,
      14,
      15,
      16,
      17,
      18,
      19,
      20,
      21,
      22,
      23,
      24,
      25,
      26,
      27,
      28,
      29,
      30,
      31,
      32,
      33,
      34,
      35,
      36,
      37,
      38,
      39,
      40,
      41,
      42,
      43,
      44,
      45,
      46,
      47,
      48,
      49,
      50,
      51,
      52,
      53,
      54,
      55,
      56,
      57,
      58,
      59,
      60,
      61,
      62,
      63,
      64,
      65,
      66,
      67,
      68,
      69,
      70,
      71,
      72,
      73,
      74,
      75,
      76,
      77,
      78,
      79,
      80,
      81,
      82,
      83,
      84,
      85,
      86,
      87,
      88,
      89,
      90,
      91,
      92,
      93,
      94,
      95,
      96,
      97,
      98,
      99,
      100,
      101,
      102,
      103,
      104,
      105,
      106,
      107,
      108,
      109,
      110,
      111,
      112,
      113,
      114,
      115,
      116,
      117,
      118,
      119,
      120,
      121,
      122,
      123,
      124,
      125,
      126,
      127,
      128,
      129,
      130,
      131,
      132,
      133,
      134,
      135,
      136,
      137,
      138,
      139,
      140,
      141,
      142,
      143,
      144,
      145,
      146,
      147,
      148,
      149,
      150
    ],
    "milestone_rounds_present": [
      1,
      10,
      30,
      50,
      75,
      100,
      125,
      150
    ],
    "groups": {
      "classifier_bias": {
        "n_available": 1800,
        "representations": [
          "exact"
        ]
      },
      "classifier_weight": {
        "n_available": 1800,
        "representations": [
          "exact"
        ]
      },
      "classifier_head": {
        "n_available": 1800,
        "representations": [
          "exact"
        ]
      },
      "fusion": {
        "n_available": 96,
        "representations": [
          "exact"
        ]
      },
      "image_encoder": {
        "n_available": 96,
        "representations": [
          "deterministic_coordinate_sketch"
        ]
      },
      "text_encoder": {
        "n_available": 96,
        "representations": [
          "deterministic_coordinate_sketch"
        ]
      },
      "missing_modality": {
        "n_available": 96,
        "representations": [
          "exact"
        ]
      },
      "all_shared": {
        "n_available": 96,
        "representations": [
          "deterministic_coordinate_sketch"
        ]
      },
      "full_update": {
        "n_available": 96,
        "representations": [
          "deterministic_signed_feature_hash_full_group"
        ]
      }
    },
    "status": "PASS",
    "failures": []
  }
}
