Warning: You are sending unauthenticated requests to the HF Hub. Please set a HF_TOKEN to enable higher rate limits and faster downloads.
Loading weights:   0%|          | 0/590 [00:00<?, ?it/s]Loading weights: 100%|██████████| 590/590 [00:00<00:00, 12546.72it/s]
[ROUND RESUME] run=hateful_memes__clip_dual__target__modality_exclusive__c0.7__n12__p1.0__fedavg__seed42__def-implicit_hash_contrast checkpoint=round_0120.pt completed_round=120; continuing at round 121
[ROUND CHECKPOINT] completed_round=135 saved=results/acm_revision/defense70_r150/proposed_single_fullbasis/hateful_memes__clip_dual__target__modality_exclusive__c0.7__n12__p1.0__fedavg__seed42__def-implicit_hash_contrast/resume/round_0135.pt
Traceback (most recent call last):
  File "/home/deli/Data/miniconda3/envs/mfl/lib/python3.10/runpy.py", line 196, in _run_module_as_main
    return _run_code(code, main_globals, None,
  File "/home/deli/Data/miniconda3/envs/mfl/lib/python3.10/runpy.py", line 86, in _run_code
    exec(code, run_globals)
  File "/data/deli/MFL-new/MFL-new/src/acm_revision/privacy_capture_runner_resume_v2.py", line 26, in <module>
    main()
  File "/data/deli/MFL-new/MFL-new/src/acm_revision/privacy_capture_runner_resume_v2.py", line 22, in main
    base.main()
  File "/data/deli/MFL-new/MFL-new/src/acm_revision/privacy_capture_runner.py", line 331, in main
    print(json.dumps(run_from_config(args.config, args.population), ensure_ascii=False, indent=2))
  File "/data/deli/MFL-new/MFL-new/src/acm_revision/privacy_capture_runner.py", line 306, in run_from_config
    summary = fl.run_strict_fl(cfg, population=population)
  File "/data/deli/MFL-new/MFL-new/src/acm_revision/fl_resume.py", line 369, in run_strict_fl
    after_raw, local_metrics = base.local_train(
  File "/data/deli/MFL-new/MFL-new/src/acm_revision/fl.py", line 256, in local_train
    logits = local_model(
  File "/home/deli/Data/miniconda3/envs/mfl/lib/python3.10/site-packages/torch/nn/modules/module.py", line 1739, in _wrapped_call_impl
    return self._call_impl(*args, **kwargs)
  File "/home/deli/Data/miniconda3/envs/mfl/lib/python3.10/site-packages/torch/nn/modules/module.py", line 1750, in _call_impl
    return forward_call(*args, **kwargs)
  File "/data/deli/MFL-new/MFL-new/src/acm_revision/architectures.py", line 168, in forward
    image_feat = self._image_feature(pixel_values) if use_image else self._missing("image", batch_size, device)
  File "/data/deli/MFL-new/MFL-new/src/acm_revision/architectures.py", line 149, in _image_feature
    outputs = self.clip.vision_model(pixel_values=pixel_values)
  File "/home/deli/Data/miniconda3/envs/mfl/lib/python3.10/site-packages/torch/nn/modules/module.py", line 1739, in _wrapped_call_impl
    return self._call_impl(*args, **kwargs)
  File "/home/deli/Data/miniconda3/envs/mfl/lib/python3.10/site-packages/torch/nn/modules/module.py", line 1750, in _call_impl
    return forward_call(*args, **kwargs)
  File "/home/deli/Data/miniconda3/envs/mfl/lib/python3.10/site-packages/transformers/utils/generic.py", line 1032, in wrapper
    output = func(self, *args, **kwargs)
  File "/home/deli/Data/miniconda3/envs/mfl/lib/python3.10/site-packages/transformers/utils/output_capturing.py", line 252, in wrapper
    outputs = func(self, *args, **kwargs)
  File "/home/deli/Data/miniconda3/envs/mfl/lib/python3.10/site-packages/transformers/models/clip/modeling_clip.py", line 651, in forward
    encoder_outputs: BaseModelOutput = self.encoder(
  File "/home/deli/Data/miniconda3/envs/mfl/lib/python3.10/site-packages/torch/nn/modules/module.py", line 1739, in _wrapped_call_impl
    return self._call_impl(*args, **kwargs)
  File "/home/deli/Data/miniconda3/envs/mfl/lib/python3.10/site-packages/torch/nn/modules/module.py", line 1750, in _call_impl
    return forward_call(*args, **kwargs)
  File "/home/deli/Data/miniconda3/envs/mfl/lib/python3.10/site-packages/transformers/models/clip/modeling_clip.py", line 485, in forward
    hidden_states = encoder_layer(
  File "/home/deli/Data/miniconda3/envs/mfl/lib/python3.10/site-packages/transformers/modeling_layers.py", line 93, in __call__
    return super().__call__(*args, **kwargs)
  File "/home/deli/Data/miniconda3/envs/mfl/lib/python3.10/site-packages/torch/nn/modules/module.py", line 1739, in _wrapped_call_impl
    return self._call_impl(*args, **kwargs)
  File "/home/deli/Data/miniconda3/envs/mfl/lib/python3.10/site-packages/torch/nn/modules/module.py", line 1750, in _call_impl
    return forward_call(*args, **kwargs)
  File "/home/deli/Data/miniconda3/envs/mfl/lib/python3.10/site-packages/transformers/models/clip/modeling_clip.py", line 382, in forward
    hidden_states = self.mlp(hidden_states)
  File "/home/deli/Data/miniconda3/envs/mfl/lib/python3.10/site-packages/torch/nn/modules/module.py", line 1739, in _wrapped_call_impl
    return self._call_impl(*args, **kwargs)
  File "/home/deli/Data/miniconda3/envs/mfl/lib/python3.10/site-packages/torch/nn/modules/module.py", line 1750, in _call_impl
    return forward_call(*args, **kwargs)
  File "/home/deli/Data/miniconda3/envs/mfl/lib/python3.10/site-packages/transformers/models/clip/modeling_clip.py", line 349, in forward
    hidden_states = self.fc1(hidden_states)
  File "/home/deli/Data/miniconda3/envs/mfl/lib/python3.10/site-packages/torch/nn/modules/module.py", line 1739, in _wrapped_call_impl
    return self._call_impl(*args, **kwargs)
  File "/home/deli/Data/miniconda3/envs/mfl/lib/python3.10/site-packages/torch/nn/modules/module.py", line 1750, in _call_impl
    return forward_call(*args, **kwargs)
  File "/home/deli/Data/miniconda3/envs/mfl/lib/python3.10/site-packages/torch/nn/modules/linear.py", line 125, in forward
    return F.linear(input, self.weight, self.bias)
torch.OutOfMemoryError: CUDA out of memory. Tried to allocate 66.00 MiB. GPU 0 has a total capacity of 23.56 GiB of which 47.50 MiB is free. Including non-PyTorch memory, this process has 9.56 GiB memory in use. Process 2108056 has 13.92 GiB memory in use. Of the allocated memory 8.68 GiB is allocated by PyTorch, and 583.03 MiB is reserved by PyTorch but unallocated. If reserved but unallocated memory is large try setting PYTORCH_CUDA_ALLOC_CONF=expandable_segments:True to avoid fragmentation.  See documentation for Memory Management  (https://pytorch.org/docs/stable/notes/cuda.html#environment-variables)
