============================================================
Counterfactual Subspace Pipeline
Project directory: /home/deli/Data/MFL-new/MFL-new
Log file: logs/subspace_pipeline.log
Started at: Thu Jul  2 02:28:16 AEST 2026
============================================================

[1/4] Learning split-specific rank-5 subspaces...

---- Split A ----
Saved subspace: results/defense_seed42_assoc07/subspace/split_A_r5.npz
Saved report:   results/defense_seed42_assoc07/subspace/split_A_r5.json
{
  "associated_path": "results/defense_seed42_assoc07/shadow/split_A/modality_exclusive/assoc_07/classifier_updates_raw.npz",
  "counterfactual_path": "results/defense_seed42_assoc07/shadow/split_A/modality_exclusive/counterfactual/classifier_updates_raw.npz",
  "num_pairs": 100,
  "update_dim": 1026,
  "rank": 5,
  "singular_values": [
    0.031754636240236916,
    0.00599220045801157,
    0.0042241989145924445,
    0.0038779801586727356,
    0.0030537950515451212,
    0.0028931909633508036,
    0.0026424665684066173,
    0.002569371653064296,
    0.0024778230257534633,
    0.002439736754776372,
    0.0023492691742863837,
    0.0023262858343748166,
    0.0022957947996729376,
    0.0022569807901774443,
    0.0022367115175012946,
    0.00222549666118789,
    0.0021934887297284187,
    0.002137629363045806,
    0.002125875812775471,
    0.0021111472446606497,
    0.0020663042112711327,
    0.002060355604145974,
    0.002042250992869119,
    0.002022867556945346,
    0.0020065780148167695,
    0.001999633962015308,
    0.0019671105762893537,
    0.0019457729262216108,
    0.0019289202535670664,
    0.0019204624606466844,
    0.0019087428404425642,
    0.001883389751379206,
    0.001869931316379561,
    0.0018472307188194266,
    0.001834300609704155,
    0.001821231198699552,
    0.0018001506355413892,
    0.0017830286357384496,
    0.001772327686034772,
    0.0017535514765000346,
    0.0017412604526150504,
    0.0017302454697232417,
    0.0017033018376178385,
    0.001692804447588586,
    0.0016886951588241793,
    0.0016685626870027916,
    0.0016419446647890348,
    0.001634847236542222,
    0.0016220795945826288,
    0.0016111101940340922,
    0.0015905531695061016,
    0.0015851281700680212,
    0.0015672460805308867,
    0.0015570309264377998,
    0.0015336941663711523,
    0.0015271771740421021,
    0.0015200141582222542,
    0.001502225160841274,
    0.0014741712393080157,
    0.001467092562940495,
    0.001454140611991047,
    0.0014363441009386437,
    0.001427016873332893,
    0.0014184225920769657,
    0.0013915509875733448,
    0.0013867192389181526,
    0.0013707166586653594,
    0.0013626373325709093,
    0.0013551164871960669,
    0.0013285164141118887,
    0.0013178779981115824,
    0.0013091462366832225,
    0.0012853259472862606,
    0.0012780673225941236,
    0.0012712745628100132,
    0.0012522859991143862,
    0.0012420249056399168,
    0.001229495817141686,
    0.0012249949809433939,
    0.0012068557205578711,
    0.0011941770153634896,
    0.0011892964553259831,
    0.001166566255571386,
    0.001150205288568202,
    0.0011378735577988156,
    0.001134172746971904,
    0.0011252351035880288,
    0.0010990653110587727,
    0.0010839046102162093,
    0.0010666660036386486,
    0.001050600124289567,
    0.0010429803031114077,
    0.0010284755514300677,
    0.001021738715515312,
    0.0010056868530517373,
    0.0009929032232598414,
    0.0009502866083340117,
    0.0008974287909970666,
    0.0008726370013479474,
    3.897932188128701e-18
  ],
  "mean_sensitive_energy_ratio": 0.5885586985828799,
  "std_sensitive_energy_ratio": 0.32798656230633566,
  "comparisons": []
}

---- Split B ----
Saved subspace: results/defense_seed42_assoc07/subspace/split_B_r5.npz
Saved report:   results/defense_seed42_assoc07/subspace/split_B_r5.json
{
  "associated_path": "results/defense_seed42_assoc07/shadow/split_B/modality_exclusive/assoc_07/classifier_updates_raw.npz",
  "counterfactual_path": "results/defense_seed42_assoc07/shadow/split_B/modality_exclusive/counterfactual/classifier_updates_raw.npz",
  "num_pairs": 100,
  "update_dim": 1026,
  "rank": 5,
  "singular_values": [
    0.031374342985414444,
    0.0063648544851252825,
    0.003673970940645551,
    0.0035123945980949094,
    0.0029489456184617333,
    0.0027466188305965626,
    0.0025464435487916118,
    0.002469661496575528,
    0.0024305672471448448,
    0.002381506898383553,
    0.0023297568378713527,
    0.0022897029540758554,
    0.002276423730813768,
    0.002231553235543979,
    0.0022163456963328657,
    0.002167688052322845,
    0.002165925566609139,
    0.0021517633315826378,
    0.0021314364221581422,
    0.002121521361273421,
    0.002088771982595317,
    0.0020612052887276585,
    0.0020561418492001746,
    0.002041528638409167,
    0.0020111220772858476,
    0.0020000251554804674,
    0.0019789698121347532,
    0.001955043224351391,
    0.0019420672187929287,
    0.0019142068460525602,
    0.001901258025118371,
    0.0018833615749921644,
    0.0018657089235747197,
    0.0018480524260521842,
    0.00182887088624389,
    0.0018105006028021977,
    0.0018029570407505702,
    0.0017834738904044124,
    0.0017766478043045157,
    0.0017659249909313037,
    0.0017500650395228608,
    0.001730325535285609,
    0.001716344468670606,
    0.0017109129721172298,
    0.0016800713123644793,
    0.0016628890443751558,
    0.0016604407426076297,
    0.0016417391627967448,
    0.0016276380183099565,
    0.0016183524938213555,
    0.0016084829402466048,
    0.0015804537431505779,
    0.001559898471002756,
    0.0015457175481245087,
    0.00153748995496642,
    0.0015349366318771274,
    0.0015212968458857324,
    0.0015155952206750418,
    0.0014964800375503811,
    0.0014819725670350604,
    0.0014702832734117717,
    0.0014517693612566994,
    0.0014376248592461022,
    0.001433028932224152,
    0.0014242063554292146,
    0.00140804900975237,
    0.0013993497617317656,
    0.001371669272045571,
    0.0013626431011350341,
    0.0013532565976497506,
    0.0013431480853975406,
    0.0013204482415846177,
    0.0013156273221632188,
    0.0013045083140473025,
    0.0012932777011658786,
    0.0012804249919373372,
    0.0012582782862041028,
    0.0012417794106816197,
    0.0012331591514482259,
    0.0012212918986984934,
    0.0012148121181415625,
    0.001210897752523356,
    0.001189180118700659,
    0.0011829585079288665,
    0.0011588535947124113,
    0.0011469177100666673,
    0.0011159238348979969,
    0.0011104001288188233,
    0.001108128757965827,
    0.001091278778044988,
    0.0010679486991400815,
    0.0010490907178892647,
    0.0010204925993393382,
    0.001008035440576568,
    0.0010021125801508062,
    0.0009692017014819442,
    0.0009565974097480378,
    0.0009338603568497647,
    0.0008945654910235888,
    2.467812296533259e-18
  ],
  "mean_sensitive_energy_ratio": 0.6003793400132893,
  "std_sensitive_energy_ratio": 0.3177868493928048,
  "comparisons": []
}

---- Split C ----
Saved subspace: results/defense_seed42_assoc07/subspace/split_C_r5.npz
Saved report:   results/defense_seed42_assoc07/subspace/split_C_r5.json
{
  "associated_path": "results/defense_seed42_assoc07/shadow/split_C/modality_exclusive/assoc_07/classifier_updates_raw.npz",
  "counterfactual_path": "results/defense_seed42_assoc07/shadow/split_C/modality_exclusive/counterfactual/classifier_updates_raw.npz",
  "num_pairs": 100,
  "update_dim": 1026,
  "rank": 5,
  "singular_values": [
    0.031440134530376265,
    0.0061980374703097954,
    0.003856102944345703,
    0.0033728176613138355,
    0.0029994019906769264,
    0.0027009634111402054,
    0.0026080829930663226,
    0.0024561596258586634,
    0.002404041573145344,
    0.002398724690603998,
    0.002309346222609646,
    0.00227894689273351,
    0.0022504123156566335,
    0.002248965158877702,
    0.002239203339838258,
    0.0021956328535534453,
    0.0021762059891772866,
    0.0021498443113834535,
    0.0021199695450485013,
    0.002102850285239299,
    0.00208190839696863,
    0.002068425990999887,
    0.0020574194312836876,
    0.002032109914918764,
    0.002006044102272967,
    0.001996945976656202,
    0.0019812136632439054,
    0.0019653926849852233,
    0.001960741508878057,
    0.0019404408557452532,
    0.0019090886096456944,
    0.001903007381321399,
    0.0018920366038471176,
    0.0018799160433277606,
    0.0018496892065851232,
    0.0018217693578383356,
    0.0018074372589319892,
    0.0017906660704481775,
    0.001764916878138864,
    0.001749045356079957,
    0.001720982356393078,
    0.0017130055926318063,
    0.0016936782663421956,
    0.0016840940967924886,
    0.001678903430476905,
    0.0016646097330191454,
    0.001662355511654612,
    0.001638032743091947,
    0.0016229849812361824,
    0.0016212556857458874,
    0.0016024761992038232,
    0.0015809434857056378,
    0.0015787543863715339,
    0.0015639414990216854,
    0.0015471594395876933,
    0.0015420315885545804,
    0.0015154991380690835,
    0.0015041857508617843,
    0.0014839337858393372,
    0.0014773664040335554,
    0.0014608265391850214,
    0.001457315425202125,
    0.001442754740503484,
    0.0014290723489668643,
    0.0014192350671776313,
    0.001408641415051744,
    0.0013970284305066991,
    0.001393168715756137,
    0.001376582450960469,
    0.0013562646775806448,
    0.001347102723473093,
    0.0013385694434696648,
    0.0013120141392515847,
    0.0013099506031967888,
    0.0012887880372012832,
    0.001270954846659292,
    0.0012538401815572406,
    0.0012420051734535753,
    0.001233492853291932,
    0.0012261679567792628,
    0.0012112700861486483,
    0.0011936571243159923,
    0.0011882310461944342,
    0.0011714708576269258,
    0.0011430428445094933,
    0.0011342297666047203,
    0.0011223720464758706,
    0.0011093061735133536,
    0.0011045720867629962,
    0.0010786879820124196,
    0.0010658819039798574,
    0.0010494825370429518,
    0.0010405322084400168,
    0.0010238584607220043,
    0.0010062511334855667,
    0.0009991055173545079,
    0.0009845475076023704,
    0.0009575643118264303,
    0.0009017022091248942,
    3.899249006075066e-18
  ],
  "mean_sensitive_energy_ratio": 0.625256514542718,
  "std_sensitive_energy_ratio": 0.29327852374987107,
  "comparisons": []
}

[2/4] Evaluating A/B/C subspace stability...
{
  "comparisons": [
    {
      "pair": "A-B",
      "similarity": 0.5362570283281318,
      "angles": [
        4.161729353610594,
        29.865380656758234,
        42.00300411952076,
        57.73212152710873,
        71.82622872069861
      ]
    },
    {
      "pair": "A-C",
      "similarity": 0.4816548342731988,
      "angles": [
        4.332378713948337,
        32.1900266638221,
        44.03393586303936,
        67.10772137250186,
        80.0927813572355
      ]
    },
    {
      "pair": "B-C",
      "similarity": 0.5140505136892373,
      "angles": [
        4.316852752186195,
        31.67725774033523,
        49.298520967269745,
        59.79050465108252,
        65.4027754538342
      ]
    }
  ]
}

[3/4] Combining A/B/C raw shadow updates...
Combined shape: (300, 1026)

[4/4] Learning final rank-5 counterfactual subspace...
Saved subspace: results/defense_seed42_assoc07/subspace/final_r5.npz
Saved report:   results/defense_seed42_assoc07/subspace/final_r5.json
{
  "associated_path": "results/defense_seed42_assoc07/subspace/combined/associated_all.npz",
  "counterfactual_path": "results/defense_seed42_assoc07/subspace/combined/counterfactual_all.npz",
  "num_pairs": 300,
  "update_dim": 1026,
  "rank": 5,
  "singular_values": [
    0.054548953078697164,
    0.00995251554760333,
    0.005981394499820196,
    0.005595267473735184,
    0.00505736140795749,
    0.00445795709171362,
    0.0040150576984409716,
    0.0038204092665979072,
    0.0033804709444733624,
    0.0032426585745874816,
    0.003160220084180652,
    0.0031286585964637823,
    0.0030549673837965757,
    0.0030239617325755726,
    0.0029688863907767703,
    0.0029350861576095157,
    0.002902460242336304,
    0.0028792703177413785,
    0.0028581140292828974,
    0.0028530558689969896,
    0.0028116078810284874,
    0.002798360002299064,
    0.002788187000691001,
    0.002755161096510453,
    0.002738584490190774,
    0.0027093473621335124,
    0.0026926823122555795,
    0.0026799841900798527,
    0.0026632928899544446,
    0.0026613495036903346,
    0.0026428872907132243,
    0.0026277941763563385,
    0.0026021376517098974,
    0.002592687956748773,
    0.0025710176462904514,
    0.0025484000030620846,
    0.002531731216710209,
    0.0025213274888161628,
    0.002504792848936577,
    0.0024814730986297594,
    0.002466843329049702,
    0.0024560990546142044,
    0.0024377654216129665,
    0.0024282830905668854,
    0.002417821946808291,
    0.002408408965626874,
    0.0023998477348720747,
    0.002393824472890859,
    0.0023838572630134653,
    0.0023692124079751713,
    0.0023667995999464937,
    0.0023558696031513063,
    0.0023359626980411527,
    0.0023175592352706357,
    0.0023015546805235155,
    0.0022834441125144643,
    0.0022665718108621424,
    0.0022594952842593177,
    0.0022498631025921166,
    0.0022372455640273597,
    0.0022311439905621576,
    0.0022213862121372575,
    0.0022127174664853476,
    0.002189904516296954,
    0.0021854909278469464,
    0.002178740392449934,
    0.0021717143853859657,
    0.0021597674778717903,
    0.0021418692129014302,
    0.002130453369275301,
    0.002127176091555312,
    0.002117799268086805,
    0.0021048459674760317,
    0.00209861416798199,
    0.002088676058239073,
    0.002077686795006937,
    0.0020710936929821335,
    0.0020536007618739876,
    0.002048595970906692,
    0.002035596879058432,
    0.002028603316752067,
    0.0020181841022542633,
    0.002007437753313838,
    0.0020004365618423495,
    0.0019940016032680605,
    0.0019827350281564323,
    0.001977187717921694,
    0.001967118395509975,
    0.001962618262339655,
    0.0019462828641997733,
    0.0019412417596405599,
    0.001933728571415939,
    0.0019251873845228151,
    0.0019102726638108064,
    0.001903974731019484,
    0.0018915530303611602,
    0.0018870170035989553,
    0.0018813952839343792,
    0.0018781900248921435,
    0.0018617963542097756,
    0.0018498155491198153,
    0.0018419549976464009,
    0.001836655896606773,
    0.0018230282533556357,
    0.0018188969397051901,
    0.0018130951784520505,
    0.0017925777284477323,
    0.0017834541716477599,
    0.0017739035008656724,
    0.001771317610761409,
    0.0017609517819923812,
    0.0017491206901622085,
    0.0017450984446920371,
    0.0017370195019857965,
    0.0017309210056819693,
    0.001727331126263144,
    0.001722707667633804,
    0.0017138142808202936,
    0.0017059101519769214,
    0.0017037342950437493,
    0.0016870060011400828,
    0.0016766850453195643,
    0.0016615815346384753,
    0.001659938307709105,
    0.0016485478112808838,
    0.001645646468830637,
    0.0016360196879046413,
    0.001622764012124533,
    0.0016195227964200707,
    0.0016112266824203074,
    0.0016069398677655393,
    0.0015974001780460691,
    0.001587216158286073,
    0.0015797514046619135,
    0.0015685960914031188,
    0.0015641851870648166,
    0.0015633640581681216,
    0.0015552957793939968,
    0.0015422572783820663,
    0.001537832802614003,
    0.0015306896798009902,
    0.0015246688846952568,
    0.0015174272926617772,
    0.0015100334435136646,
    0.001496081018613232,
    0.0014846329312765982,
    0.001482119580642099,
    0.0014793874878648475,
    0.0014720504245796257,
    0.0014610555798441672,
    0.0014590304799808674,
    0.0014478575213671132,
    0.0014410711974472583,
    0.0014340222633051273,
    0.0014272481463730403,
    0.0014143297434854978,
    0.0014063143860376657,
    0.0014002700935105803,
    0.0013922171943898385,
    0.0013854308124810048,
    0.0013818463556769202,
    0.001379742264350206,
    0.0013724713296047403,
    0.0013625728549349913,
    0.001359516096983838,
    0.001351928358355718,
    0.0013369462438071933,
    0.0013333658159894143,
    0.001325025675991098,
    0.001313505601409807,
    0.0013081157088619818,
    0.0013030937392187563,
    0.0012990924076300369,
    0.0012917955906160366,
    0.001284320878805,
    0.001278018316166252,
    0.0012743927799096098,
    0.0012638532449348713,
    0.0012620965232528181,
    0.0012537557139635338,
    0.0012374294704033183,
    0.001233455565906813,
    0.0012311872822109863,
    0.0012225939465012447,
    0.00121024825038616,
    0.0012021953268932164,
    0.0011977625808594168,
    0.0011877554096209062,
    0.001183442386539788,
    0.0011720231903452026,
    0.0011668427341146106,
    0.0011656216773754738,
    0.0011625356611164018,
    0.0011499018702771755,
    0.001148327805748407,
    0.0011424843715675545,
    0.001131469450979688,
    0.00112768262687363,
    0.00112171584561714,
    0.0011104365262106564,
    0.001105481373978724,
    0.0010989257596160623,
    0.00109711169060747,
    0.001090361502509434,
    0.001079917208841992,
    0.001072161106740533,
    0.0010661396853457867,
    0.0010570972273519187,
    0.0010519199898486782,
    0.0010429350546042324,
    0.0010313601698512134,
    0.0010284321334336373,
    0.0010225098328546106,
    0.001014166688833697,
    0.0010072284080076496,
    0.0010046274272035864,
    0.0009920783541769276,
    0.0009816042618660454,
    0.000977342949329656,
    0.0009697873057016037,
    0.000966790570202264,
    0.0009653523425322133,
    0.0009557934304241912,
    0.000952876789250623,
    0.000945531524695417,
    0.0009364678900309311,
    0.0009313942274078488,
    0.0009257783782088373,
    0.0009234214331421617,
    0.0009191753635995091,
    0.0009120346768016395,
    0.0009043487347980988,
    0.0008965458943913967,
    0.0008819269127797295,
    0.0008800278326020778,
    0.0008769568214805517,
    0.0008684701327298299,
    0.0008569444017950149,
    0.000847574026799129,
    0.0008422056498946059,
    0.0008376856523059499,
    0.0008351143201088865,
    0.0008198696282377965,
    0.0008179624887284346,
    0.000812836080326309,
    0.000809612053059867,
    0.0008011319755560741,
    0.0007962557094352016,
    0.0007883031833073932,
    0.0007797004906333606,
    0.0007754810779918983,
    0.0007689841627218933,
    0.0007635949759343566,
    0.0007550974399042229,
    0.0007475061816859056,
    0.0007424758724898332,
    0.0007369832971825996,
    0.0007313160093175455,
    0.0007262407109128468,
    0.000711558413609318,
    0.0007070707770353618,
    0.0007015317238547872,
    0.0006942646012626885,
    0.0006842969960279416,
    0.0006751618256364213,
    0.0006691926871927953,
    0.0006657176770142782,
    0.0006639124310993136,
    0.0006544774270346834,
    0.0006485649762398638,
    0.0006372152291836174,
    0.0006351325130060548,
    0.0006167324384001757,
    0.000611537376824973,
    0.0006085948755632792,
    0.0006043435281987566,
    0.0005980516529032246,
    0.0005905435225268762,
    0.0005751912498156272,
    0.0005711876753413017,
    0.0005651799208437006,
    0.0005611151271757787,
    0.0005512340681832642,
    0.0005378589789747541,
    0.0005281378250970469,
    0.0005176091966184952,
    0.0005118964199035967,
    0.0005082439654912057,
    0.000499982266676233,
    0.0004951249988149284,
    0.00048800495505350465,
    0.0004763306338423122,
    0.00046478918988722423,
    0.0004488298240373712,
    0.00044293706597347827,
    0.00042647095382303805,
    0.0004153272710346054,
    0.00040403902684205237,
    0.00039362539945129684,
    1.6435908309602124e-18
  ],
  "mean_sensitive_energy_ratio": 0.5845820152514511,
  "std_sensitive_energy_ratio": 0.3214578924348832,
  "comparisons": []
}

============================================================
ALL SUBSPACE STEPS COMPLETED
Finished at: Thu Jul  2 02:28:33 AEST 2026

Generated files:
  results/defense_seed42_assoc07/subspace/split_A_r5.npz
  results/defense_seed42_assoc07/subspace/split_B_r5.npz
  results/defense_seed42_assoc07/subspace/split_C_r5.npz
  results/defense_seed42_assoc07/subspace/stability.json
  results/defense_seed42_assoc07/subspace/combined/associated_all.npz
  results/defense_seed42_assoc07/subspace/combined/counterfactual_all.npz
  results/defense_seed42_assoc07/subspace/final_r5.npz
============================================================
