Warning: You are sending unauthenticated requests to the HF Hub. Please set a HF_TOKEN to enable higher rate limits and faster downloads.
Loading weights:   0%|          | 0/590 [00:00<?, ?it/s]Loading weights: 100%|██████████| 590/590 [00:00<00:00, 10346.43it/s]
{
  "run_id": "hateful_memes__clip_dual__target__modality_exclusive__c0.7__n20__p1.0__fedavg__seed42__def-none",
  "population": "target",
  "seed": 42,
  "setting_name": "modality_exclusive",
  "concentration": 0.7,
  "num_clients": 20,
  "participation_rate": 1.0,
  "rounds": 5,
  "architecture": "clip_dual",
  "aggregation": "fedavg",
  "optimizer": "adamw",
  "defense": {
    "name": "none",
    "group": "classifier_head"
  },
  "runtime_seconds": 3221.726431131363,
  "best": {
    "run_id": "hateful_memes__clip_dual__target__modality_exclusive__c0.7__n20__p1.0__fedavg__seed42__def-none",
    "round": 5,
    "val_loss": 0.6943882684707642,
    "val_acc": 0.504,
    "val_macro_f1": 0.44255632878387363,
    "val_macro_precision": 0.5001530711641757,
    "val_macro_recall": 0.5000880126738251,
    "val_balanced_acc": 0.5000880126738251,
    "val_auroc": 0.5000080011521659,
    "test_loss": 0.692343092918396,
    "test_acc": 0.527,
    "test_macro_f1": 0.47190430414739337,
    "test_macro_precision": 0.5341048865034105,
    "test_macro_recall": 0.5207482993197279,
    "test_balanced_acc": 0.5207482993197279,
    "test_auroc": 0.5234893957583033
  },
  "strict_data_overlap_allowed": false
}
