Warning: You are sending unauthenticated requests to the HF Hub. Please set a HF_TOKEN to enable higher rate limits and faster downloads.
Loading weights:   0%|          | 0/590 [00:00<?, ?it/s]Loading weights: 100%|██████████| 590/590 [00:00<00:00, 11864.22it/s]
{
  "run_id": "hateful_memes__clip_dual__target__text_only__c0.7__n20__p1.0__fedavg__seed42__def-none",
  "population": "target",
  "seed": 42,
  "setting_name": "text_only",
  "concentration": 0.7,
  "num_clients": 20,
  "participation_rate": 1.0,
  "rounds": 5,
  "architecture": "clip_dual",
  "aggregation": "fedavg",
  "optimizer": "adamw",
  "defense": {
    "name": "none",
    "group": "classifier_head"
  },
  "runtime_seconds": 3687.6543085575104,
  "best": {
    "run_id": "hateful_memes__clip_dual__target__text_only__c0.7__n20__p1.0__fedavg__seed42__def-none",
    "round": 5,
    "val_loss": 0.6910311827659606,
    "val_acc": 0.546,
    "val_macro_f1": 0.5419526940042213,
    "val_macro_precision": 0.5491666666666666,
    "val_macro_recall": 0.5472067977788801,
    "val_balanced_acc": 0.5472067977788801,
    "val_auroc": 0.5734505768830712,
    "test_loss": 0.6932397775650024,
    "test_acc": 0.5,
    "test_macro_f1": 0.4967793880837359,
    "test_macro_precision": 0.5018602728400166,
    "test_macro_recall": 0.5018007202881152,
    "test_balanced_acc": 0.5018007202881152,
    "test_auroc": 0.5039915966386554
  },
  "strict_data_overlap_allowed": false
}
