Warning: You are sending unauthenticated requests to the HF Hub. Please set a HF_TOKEN to enable higher rate limits and faster downloads.
Loading weights:   0%|          | 0/590 [00:00<?, ?it/s]Loading weights: 100%|██████████| 590/590 [00:00<00:00, 26387.15it/s]
{
  "run_id": "hateful_memes__clip_dual__target__text_only__c0.7__n20__p1.0__fedavg__seed42__def-none",
  "population": "target",
  "seed": 42,
  "setting_name": "text_only",
  "concentration": 0.7,
  "num_clients": 20,
  "participation_rate": 1.0,
  "rounds": 5,
  "architecture": "clip_dual",
  "aggregation": "fedavg",
  "optimizer": "adamw",
  "defense": {
    "name": "none",
    "group": "classifier_head"
  },
  "runtime_seconds": 3245.033291578293,
  "best": {
    "run_id": "hateful_memes__clip_dual__target__text_only__c0.7__n20__p1.0__fedavg__seed42__def-none",
    "round": 5,
    "val_loss": 0.6911025838851929,
    "val_acc": 0.546,
    "val_macro_f1": 0.5426171967874398,
    "val_macro_precision": 0.5487546369899311,
    "val_macro_recall": 0.5471107839528893,
    "val_balanced_acc": 0.5471107839528893,
    "val_auroc": 0.5707621897553248,
    "test_loss": 0.6933186388015747,
    "test_acc": 0.501,
    "test_macro_f1": 0.4984717963252757,
    "test_macro_precision": 0.5026906124326833,
    "test_macro_recall": 0.5026210484193677,
    "test_balanced_acc": 0.5026210484193677,
    "test_auroc": 0.5014445778311324
  },
  "strict_data_overlap_allowed": false
}
