Warning: You are sending unauthenticated requests to the HF Hub. Please set a HF_TOKEN to enable higher rate limits and faster downloads.
Loading weights:   0%|          | 0/590 [00:00<?, ?it/s]Loading weights: 100%|██████████| 590/590 [00:00<00:00, 18353.64it/s]
{
  "run_id": "hateful_memes__clip_dual__target__text_only__c0.7__n20__p1.0__fedavg__seed42__def-none",
  "population": "target",
  "seed": 42,
  "setting_name": "text_only",
  "concentration": 0.7,
  "num_clients": 20,
  "participation_rate": 1.0,
  "rounds": 5,
  "architecture": "clip_dual",
  "aggregation": "fedavg",
  "optimizer": "adamw",
  "defense": {
    "name": "none",
    "group": "classifier_head"
  },
  "runtime_seconds": 3315.8119390010834,
  "best": {
    "run_id": "hateful_memes__clip_dual__target__text_only__c0.7__n20__p1.0__fedavg__seed42__def-none",
    "round": 5,
    "val_loss": 0.6911633310317993,
    "val_acc": 0.546,
    "val_macro_f1": 0.5435002071342672,
    "val_macro_precision": 0.5481937602627258,
    "val_macro_recall": 0.5469667632139028,
    "val_balanced_acc": 0.5469667632139028,
    "val_auroc": 0.5692499719959674,
    "test_loss": 0.6934068913459778,
    "test_acc": 0.499,
    "test_macro_f1": 0.497003607317443,
    "test_macro_precision": 0.5004700189233706,
    "test_macro_recall": 0.5004601840736295,
    "test_balanced_acc": 0.5004601840736295,
    "test_auroc": 0.49883153261304525
  },
  "strict_data_overlap_allowed": false
}
