Warning: You are sending unauthenticated requests to the HF Hub. Please set a HF_TOKEN to enable higher rate limits and faster downloads.
Loading weights:   0%|          | 0/590 [00:00<?, ?it/s]Loading weights: 100%|██████████| 590/590 [00:00<00:00, 7182.63it/s]
{
  "run_id": "hateful_memes__clip_dual__target__text_only__c0.7__n20__p1.0__fedavg__seed42__def-none",
  "population": "target",
  "seed": 42,
  "setting_name": "text_only",
  "concentration": 0.7,
  "num_clients": 20,
  "participation_rate": 1.0,
  "rounds": 25,
  "architecture": "clip_dual",
  "aggregation": "fedavg",
  "optimizer": "adamw",
  "defense": {
    "name": "none",
    "group": "classifier_head"
  },
  "runtime_seconds": 11521.223873138428,
  "best": {
    "run_id": "hateful_memes__clip_dual__target__text_only__c0.7__n20__p1.0__fedavg__seed42__def-none",
    "round": 25,
    "val_loss": 0.6905571284294129,
    "val_acc": 0.566,
    "val_macro_f1": 0.5575744477835907,
    "val_macro_precision": 0.5738537232186476,
    "val_macro_recall": 0.56773775423661,
    "val_balanced_acc": 0.56773775423661,
    "val_auroc": 0.5840681058072363,
    "test_loss": 0.6927041883468628,
    "test_acc": 0.514,
    "test_macro_f1": 0.5084772503853296,
    "test_macro_precision": 0.5172483766233766,
    "test_macro_recall": 0.5163265306122449,
    "test_balanced_acc": 0.5163265306122449,
    "test_auroc": 0.5198559423769509
  },
  "strict_data_overlap_allowed": false
}
