Warning: You are sending unauthenticated requests to the HF Hub. Please set a HF_TOKEN to enable higher rate limits and faster downloads.
Loading weights:   0%|          | 0/590 [00:00<?, ?it/s]Loading weights: 100%|██████████| 590/590 [00:00<00:00, 7186.14it/s]
{
  "run_id": "hateful_memes__clip_dual__target__text_only__c0.8__n20__p1.0__fedavg__seed42__def-none",
  "population": "target",
  "seed": 42,
  "setting_name": "text_only",
  "concentration": 0.8,
  "num_clients": 20,
  "participation_rate": 1.0,
  "rounds": 25,
  "architecture": "clip_dual",
  "aggregation": "fedavg",
  "optimizer": "adamw",
  "defense": {
    "name": "none",
    "group": "classifier_head"
  },
  "runtime_seconds": 11961.896377325058,
  "best": {
    "run_id": "hateful_memes__clip_dual__target__text_only__c0.8__n20__p1.0__fedavg__seed42__def-none",
    "round": 25,
    "val_loss": 0.6906209473609924,
    "val_acc": 0.57,
    "val_macro_f1": 0.5630631912238702,
    "val_macro_precision": 0.5769468904788113,
    "val_macro_recall": 0.5715943095805796,
    "val_balanced_acc": 0.5715943095805796,
    "val_auroc": 0.5819798050919333,
    "test_loss": 0.6927349615097046,
    "test_acc": 0.518,
    "test_macro_f1": 0.5135165686971126,
    "test_macro_precision": 0.5210668274949322,
    "test_macro_recall": 0.5201280512204882,
    "test_balanced_acc": 0.5201280512204882,
    "test_auroc": 0.5189155662264906
  },
  "strict_data_overlap_allowed": false
}
