Warning: You are sending unauthenticated requests to the HF Hub. Please set a HF_TOKEN to enable higher rate limits and faster downloads.
Loading weights:   0%|          | 0/590 [00:00<?, ?it/s]Loading weights: 100%|██████████| 590/590 [00:00<00:00, 18430.60it/s]
{
  "run_id": "hateful_memes__clip_dual__target__text_only__c0.9__n20__p1.0__fedavg__seed42__def-none",
  "population": "target",
  "seed": 42,
  "setting_name": "text_only",
  "concentration": 0.9,
  "num_clients": 20,
  "participation_rate": 1.0,
  "rounds": 25,
  "architecture": "clip_dual",
  "aggregation": "fedavg",
  "optimizer": "adamw",
  "defense": {
    "name": "none",
    "group": "classifier_head"
  },
  "runtime_seconds": 11347.825454235077,
  "best": {
    "run_id": "hateful_memes__clip_dual__target__text_only__c0.9__n20__p1.0__fedavg__seed42__def-none",
    "round": 25,
    "val_loss": 0.6906421346664429,
    "val_acc": 0.56,
    "val_macro_f1": 0.5562440496361201,
    "val_macro_precision": 0.5636200269555234,
    "val_macro_recall": 0.5611848106127282,
    "val_balanced_acc": 0.5611848106127282,
    "val_auroc": 0.5812436990926693,
    "test_loss": 0.6927887387275696,
    "test_acc": 0.522,
    "test_macro_f1": 0.5189210950080516,
    "test_macro_precision": 0.5245969408846631,
    "test_macro_recall": 0.5238095238095238,
    "test_balanced_acc": 0.5238095238095238,
    "test_auroc": 0.516764705882353
  },
  "strict_data_overlap_allowed": false
}
