Warning: You are sending unauthenticated requests to the HF Hub. Please set a HF_TOKEN to enable higher rate limits and faster downloads.
Loading weights:   0%|          | 0/590 [00:00<?, ?it/s]Loading weights: 100%|██████████| 590/590 [00:00<00:00, 23279.33it/s]
{
  "run_id": "hateful_memes__clip_dual__target__text_only__c0.6__n20__p1.0__fedavg__seed43__def-none",
  "population": "target",
  "seed": 43,
  "setting_name": "text_only",
  "concentration": 0.6,
  "num_clients": 20,
  "participation_rate": 1.0,
  "rounds": 25,
  "architecture": "clip_dual",
  "aggregation": "fedavg",
  "optimizer": "adamw",
  "defense": {
    "name": "none",
    "group": "classifier_head"
  },
  "runtime_seconds": 16093.493701457977,
  "best": {
    "run_id": "hateful_memes__clip_dual__target__text_only__c0.6__n20__p1.0__fedavg__seed43__def-none",
    "round": 25,
    "val_loss": 0.6922276124954224,
    "val_acc": 0.512,
    "val_macro_f1": 0.4145423832923833,
    "val_macro_precision": 0.5202950359744785,
    "val_macro_recall": 0.507177033492823,
    "val_balanced_acc": 0.507177033492823,
    "val_auroc": 0.5282760717543327,
    "test_loss": 0.6919768915176392,
    "test_acc": 0.52,
    "test_macro_f1": 0.4285714285714286,
    "test_macro_precision": 0.5311542390194075,
    "test_macro_recall": 0.5122048819527811,
    "test_balanced_acc": 0.5122048819527811,
    "test_auroc": 0.5281772709083633
  },
  "strict_data_overlap_allowed": false
}
