Warning: You are sending unauthenticated requests to the HF Hub. Please set a HF_TOKEN to enable higher rate limits and faster downloads.
Loading weights:   0%|          | 0/590 [00:00<?, ?it/s]Loading weights: 100%|██████████| 590/590 [00:00<00:00, 9827.88it/s]
{
  "run_id": "hateful_memes__clip_dual__target__text_only__c0.6__n20__p1.0__fedavg__seed42__def-none",
  "population": "target",
  "seed": 42,
  "setting_name": "text_only",
  "concentration": 0.6,
  "num_clients": 20,
  "participation_rate": 1.0,
  "rounds": 25,
  "architecture": "clip_dual",
  "aggregation": "fedavg",
  "optimizer": "adamw",
  "defense": {
    "name": "none",
    "group": "classifier_head"
  },
  "runtime_seconds": 11773.96171092987,
  "best": {
    "run_id": "hateful_memes__clip_dual__target__text_only__c0.6__n20__p1.0__fedavg__seed42__def-none",
    "round": 25,
    "val_loss": 0.6905734634399414,
    "val_acc": 0.568,
    "val_macro_f1": 0.558325563134907,
    "val_macro_precision": 0.577168513902883,
    "val_macro_recall": 0.5698580595605767,
    "val_balanced_acc": 0.5698580595605767,
    "val_auroc": 0.5843001392200476,
    "test_loss": 0.6926688370704651,
    "test_acc": 0.508,
    "test_macro_f1": 0.5010526571988366,
    "test_macro_precision": 0.5113005958495993,
    "test_macro_recall": 0.510564225690276,
    "test_balanced_acc": 0.510564225690276,
    "test_auroc": 0.5211064425770309
  },
  "strict_data_overlap_allowed": false
}
