Warning: You are sending unauthenticated requests to the HF Hub. Please set a HF_TOKEN to enable higher rate limits and faster downloads.
Loading weights:   0%|          | 0/590 [00:00<?, ?it/s]Loading weights:  14%|█▍        | 83/590 [00:00<00:00, 784.94it/s]Loading weights:  27%|██▋       | 162/590 [00:00<00:00, 782.35it/s]Loading weights: 100%|██████████| 590/590 [00:00<00:00, 2555.72it/s]
{
  "run_id": "hateful_memes__clip_dual__target__text_only__c0.7__n20__p1.0__fedavg__seed47__def-none",
  "population": "target",
  "seed": 47,
  "setting_name": "text_only",
  "concentration": 0.7,
  "num_clients": 20,
  "participation_rate": 1.0,
  "rounds": 25,
  "architecture": "clip_dual",
  "aggregation": "fedavg",
  "optimizer": "adamw",
  "defense": {
    "name": "none",
    "group": "classifier_head"
  },
  "runtime_seconds": 11425.853128910065,
  "best": {
    "run_id": "hateful_memes__clip_dual__target__text_only__c0.7__n20__p1.0__fedavg__seed47__def-none",
    "round": 25,
    "val_loss": 0.6931611704826355,
    "val_acc": 0.532,
    "val_macro_f1": 0.4724406608469807,
    "val_macro_precision": 0.5496810772501772,
    "val_macro_recall": 0.5280440383415212,
    "val_balanced_acc": 0.5280440383415212,
    "val_auroc": 0.5050487270166903,
    "test_loss": 0.6920344729423523,
    "test_acc": 0.531,
    "test_macro_f1": 0.4709120055593724,
    "test_macro_precision": 0.5427410166980031,
    "test_macro_recall": 0.5244697879151661,
    "test_balanced_acc": 0.5244697879151661,
    "test_auroc": 0.53234293717487
  },
  "strict_data_overlap_allowed": false
}
