Warning: You are sending unauthenticated requests to the HF Hub. Please set a HF_TOKEN to enable higher rate limits and faster downloads.
Loading weights:   0%|          | 0/590 [00:00<?, ?it/s]Loading weights:  17%|█▋        | 99/590 [00:00<00:00, 965.24it/s]Loading weights:  33%|███▎      | 196/590 [00:00<00:00, 724.76it/s]Loading weights:  62%|██████▏   | 366/590 [00:00<00:00, 1089.80it/s]Loading weights:  82%|████████▏ | 484/590 [00:00<00:00, 1019.61it/s]Loading weights: 100%|██████████| 590/590 [00:00<00:00, 1193.43it/s]
{
  "run_id": "hateful_memes__clip_dual__target__image_only__c0.6__n20__p1.0__fedavg__seed42__def-none",
  "population": "target",
  "seed": 42,
  "setting_name": "image_only",
  "concentration": 0.6,
  "num_clients": 20,
  "participation_rate": 1.0,
  "rounds": 25,
  "architecture": "clip_dual",
  "aggregation": "fedavg",
  "optimizer": "adamw",
  "defense": {
    "name": "none",
    "group": "classifier_head"
  },
  "runtime_seconds": 14449.568660020828,
  "best": {
    "run_id": "hateful_memes__clip_dual__target__image_only__c0.6__n20__p1.0__fedavg__seed42__def-none",
    "round": 25,
    "val_loss": 0.6912236833572387,
    "val_acc": 0.532,
    "val_macro_f1": 0.5116779912853303,
    "val_macro_precision": 0.5351334939941934,
    "val_macro_recall": 0.5296282664703718,
    "val_balanced_acc": 0.5296282664703718,
    "val_auroc": 0.5508313197100383,
    "test_loss": 0.6899263668060303,
    "test_acc": 0.555,
    "test_macro_f1": 0.5366509127977017,
    "test_macro_precision": 0.5597585391008919,
    "test_macro_recall": 0.5512404961984794,
    "test_balanced_acc": 0.5512404961984794,
    "test_auroc": 0.5747498999599839
  },
  "strict_data_overlap_allowed": false
}
