Warning: You are sending unauthenticated requests to the HF Hub. Please set a HF_TOKEN to enable higher rate limits and faster downloads.
Loading weights:   0%|          | 0/590 [00:00<?, ?it/s]Loading weights:  40%|███▉      | 234/590 [00:00<00:00, 2181.78it/s]Loading weights:  77%|███████▋  | 453/590 [00:00<00:00, 1702.01it/s]Loading weights: 100%|██████████| 590/590 [00:00<00:00, 1863.93it/s]
{
  "run_id": "hateful_memes__clip_dual__target__text_only__c0.5__n20__p1.0__fedavg__seed47__def-none",
  "population": "target",
  "seed": 47,
  "setting_name": "text_only",
  "concentration": 0.5,
  "num_clients": 20,
  "participation_rate": 1.0,
  "rounds": 25,
  "architecture": "clip_dual",
  "aggregation": "fedavg",
  "optimizer": "adamw",
  "defense": {
    "name": "none",
    "group": "classifier_head"
  },
  "runtime_seconds": 11290.291300058365,
  "best": {
    "run_id": "hateful_memes__clip_dual__target__text_only__c0.5__n20__p1.0__fedavg__seed47__def-none",
    "round": 25,
    "val_loss": 0.6931267309188843,
    "val_acc": 0.534,
    "val_macro_f1": 0.475487481484483,
    "val_macro_precision": 0.552774969104595,
    "val_macro_recall": 0.5300683298394969,
    "val_balanced_acc": 0.5300683298394969,
    "val_auroc": 0.505632811124802,
    "test_loss": 0.6919637413024903,
    "test_acc": 0.538,
    "test_macro_f1": 0.4830618848772104,
    "test_macro_precision": 0.5527493606138107,
    "test_macro_recall": 0.5316926770708283,
    "test_balanced_acc": 0.5316926770708283,
    "test_auroc": 0.5336914765906362
  },
  "strict_data_overlap_allowed": false
}
