Warning: You are sending unauthenticated requests to the HF Hub. Please set a HF_TOKEN to enable higher rate limits and faster downloads.
Loading weights:   0%|          | 0/590 [00:00<?, ?it/s]Loading weights: 100%|██████████| 590/590 [00:00<00:00, 31995.65it/s]
{
  "run_id": "hateful_memes__clip_dual__target__image_only__c0.6__n20__p1.0__fedavg__seed47__def-none",
  "population": "target",
  "seed": 47,
  "setting_name": "image_only",
  "concentration": 0.6,
  "num_clients": 20,
  "participation_rate": 1.0,
  "rounds": 25,
  "architecture": "clip_dual",
  "aggregation": "fedavg",
  "optimizer": "adamw",
  "defense": {
    "name": "none",
    "group": "classifier_head"
  },
  "runtime_seconds": 14399.788076162338,
  "best": {
    "run_id": "hateful_memes__clip_dual__target__image_only__c0.6__n20__p1.0__fedavg__seed47__def-none",
    "round": 25,
    "val_loss": 0.6935592966079712,
    "val_acc": 0.49,
    "val_macro_f1": 0.47625483180591444,
    "val_macro_precision": 0.49099992785513313,
    "val_macro_recall": 0.49201485013841995,
    "val_balanced_acc": 0.49201485013841995,
    "val_auroc": 0.5041525979741083,
    "test_loss": 0.6930915150642395,
    "test_acc": 0.518,
    "test_macro_f1": 0.5003400175813969,
    "test_macro_precision": 0.5260441374599139,
    "test_macro_recall": 0.521968787515006,
    "test_balanced_acc": 0.521968787515006,
    "test_auroc": 0.5116166466586635
  },
  "strict_data_overlap_allowed": false
}
