Warning: You are sending unauthenticated requests to the HF Hub. Please set a HF_TOKEN to enable higher rate limits and faster downloads.
Loading weights:   0%|          | 0/590 [00:00<?, ?it/s]Loading weights: 100%|██████████| 590/590 [00:00<00:00, 10922.43it/s]
{
  "run_id": "hateful_memes__clip_dual__target__modality_exclusive__c0.5__n20__p1.0__fedavg__seed42__def-none",
  "population": "target",
  "seed": 42,
  "setting_name": "modality_exclusive",
  "concentration": 0.5,
  "num_clients": 20,
  "participation_rate": 1.0,
  "rounds": 25,
  "architecture": "clip_dual",
  "aggregation": "fedavg",
  "optimizer": "adamw",
  "defense": {
    "name": "none",
    "group": "classifier_head"
  },
  "runtime_seconds": 12512.349387645721,
  "best": {
    "run_id": "hateful_memes__clip_dual__target__modality_exclusive__c0.5__n20__p1.0__fedavg__seed42__def-none",
    "round": 25,
    "val_loss": 0.6936264705657958,
    "val_acc": 0.51,
    "val_macro_f1": 0.4650070968446337,
    "val_macro_precision": 0.5097316704459562,
    "val_macro_recall": 0.5065929493847114,
    "val_balanced_acc": 0.5065929493847114,
    "val_auroc": 0.5076731049271095,
    "test_loss": 0.6916597299575805,
    "test_acc": 0.537,
    "test_macro_f1": 0.4979173873486026,
    "test_macro_precision": 0.5445003630959417,
    "test_macro_recall": 0.5316326530612245,
    "test_balanced_acc": 0.5316326530612245,
    "test_auroc": 0.5330492196878752
  },
  "strict_data_overlap_allowed": false
}
