Warning: You are sending unauthenticated requests to the HF Hub. Please set a HF_TOKEN to enable higher rate limits and faster downloads.
Loading weights:   0%|          | 0/590 [00:00<?, ?it/s]Loading weights: 100%|██████████| 590/590 [00:00<00:00, 9957.07it/s]
{
  "run_id": "hateful_memes__clip_dual__target__image_only__c0.7__n20__p1.0__fedavg__seed42__def-none",
  "population": "target",
  "seed": 42,
  "setting_name": "image_only",
  "concentration": 0.7,
  "num_clients": 20,
  "participation_rate": 1.0,
  "rounds": 25,
  "architecture": "clip_dual",
  "aggregation": "fedavg",
  "optimizer": "adamw",
  "defense": {
    "name": "none",
    "group": "classifier_head"
  },
  "runtime_seconds": 14390.48665547371,
  "best": {
    "run_id": "hateful_memes__clip_dual__target__image_only__c0.7__n20__p1.0__fedavg__seed42__def-none",
    "round": 25,
    "val_loss": 0.6912846531867981,
    "val_acc": 0.53,
    "val_macro_f1": 0.5056357524223849,
    "val_macro_precision": 0.533696592965615,
    "val_macro_recall": 0.5274119473204142,
    "val_balanced_acc": 0.5274119473204142,
    "val_auroc": 0.549127074298699,
    "test_loss": 0.6899360399246216,
    "test_acc": 0.565,
    "test_macro_f1": 0.5426632140367699,
    "test_macro_precision": 0.5739491626881579,
    "test_macro_recall": 0.5608043217286915,
    "test_balanced_acc": 0.5608043217286915,
    "test_auroc": 0.575250100040016
  },
  "strict_data_overlap_allowed": false
}
