Warning: You are sending unauthenticated requests to the HF Hub. Please set a HF_TOKEN to enable higher rate limits and faster downloads.
Loading weights:   0%|          | 0/590 [00:00<?, ?it/s]Loading weights: 100%|██████████| 590/590 [00:00<00:00, 7544.47it/s]
{
  "run_id": "hateful_memes__clip_dual__target__text_only__c0.6__n20__p1.0__fedavg__seed48__def-none",
  "population": "target",
  "seed": 48,
  "setting_name": "text_only",
  "concentration": 0.6,
  "num_clients": 20,
  "participation_rate": 1.0,
  "rounds": 25,
  "architecture": "clip_dual",
  "aggregation": "fedavg",
  "optimizer": "adamw",
  "defense": {
    "name": "none",
    "group": "classifier_head"
  },
  "runtime_seconds": 15952.120620727539,
  "best": {
    "run_id": "hateful_memes__clip_dual__target__text_only__c0.6__n20__p1.0__fedavg__seed48__def-none",
    "round": 25,
    "val_loss": 0.6916657004356385,
    "val_acc": 0.53,
    "val_macro_f1": 0.52995299529953,
    "val_macro_precision": 0.5299539170506913,
    "val_macro_recall": 0.5299563137091741,
    "val_balanced_acc": 0.5299563137091741,
    "val_auroc": 0.5379894704837497,
    "test_loss": 0.6916099967956543,
    "test_acc": 0.523,
    "test_macro_f1": 0.5226520133177086,
    "test_macro_precision": 0.5226862252764195,
    "test_macro_recall": 0.5226690676270508,
    "test_balanced_acc": 0.5226690676270508,
    "test_auroc": 0.5383533413365347
  },
  "strict_data_overlap_allowed": false
}
