Warning: You are sending unauthenticated requests to the HF Hub. Please set a HF_TOKEN to enable higher rate limits and faster downloads.
Loading weights:   0%|          | 0/590 [00:00<?, ?it/s]Loading weights: 100%|██████████| 590/590 [00:00<00:00, 11656.88it/s]
{
  "run_id": "hateful_memes__clip_dual__target__text_only__c0.5__n20__p1.0__fedavg__seed48__def-none",
  "population": "target",
  "seed": 48,
  "setting_name": "text_only",
  "concentration": 0.5,
  "num_clients": 20,
  "participation_rate": 1.0,
  "rounds": 25,
  "architecture": "clip_dual",
  "aggregation": "fedavg",
  "optimizer": "adamw",
  "defense": {
    "name": "none",
    "group": "classifier_head"
  },
  "runtime_seconds": 12987.346714258194,
  "best": {
    "run_id": "hateful_memes__clip_dual__target__text_only__c0.5__n20__p1.0__fedavg__seed48__def-none",
    "round": 25,
    "val_loss": 0.6916763463020325,
    "val_acc": 0.532,
    "val_macro_f1": 0.5319325982941543,
    "val_macro_precision": 0.5319325982941543,
    "val_macro_recall": 0.5319325982941543,
    "val_balanced_acc": 0.5319325982941543,
    "val_auroc": 0.5373413771583108,
    "test_loss": 0.6915773506164551,
    "test_acc": 0.52,
    "test_macro_f1": 0.5196753005031401,
    "test_macro_precision": 0.5197001729771287,
    "test_macro_recall": 0.51968787515006,
    "test_balanced_acc": 0.51968787515006,
    "test_auroc": 0.5394177671068427
  },
  "strict_data_overlap_allowed": false
}
