Warning: You are sending unauthenticated requests to the HF Hub. Please set a HF_TOKEN to enable higher rate limits and faster downloads.
Loading weights:   0%|          | 0/590 [00:00<?, ?it/s]Loading weights: 100%|██████████| 590/590 [00:00<00:00, 14894.72it/s]
{
  "run_id": "hateful_memes__clip_dual__target__image_only__c0.8__n20__p1.0__fedavg__seed42__def-none",
  "population": "target",
  "seed": 42,
  "setting_name": "image_only",
  "concentration": 0.8,
  "num_clients": 20,
  "participation_rate": 1.0,
  "rounds": 25,
  "architecture": "clip_dual",
  "aggregation": "fedavg",
  "optimizer": "adamw",
  "defense": {
    "name": "none",
    "group": "classifier_head"
  },
  "runtime_seconds": 12550.083930253983,
  "best": {
    "run_id": "hateful_memes__clip_dual__target__image_only__c0.8__n20__p1.0__fedavg__seed42__def-none",
    "round": 25,
    "val_loss": 0.6912916049957275,
    "val_acc": 0.524,
    "val_macro_f1": 0.49280551009274415,
    "val_macro_precision": 0.5275496771767065,
    "val_macro_recall": 0.5210990382615097,
    "val_balanced_acc": 0.5210990382615097,
    "val_auroc": 0.5484469763645965,
    "test_loss": 0.6901646976470948,
    "test_acc": 0.56,
    "test_macro_f1": 0.5335801118559695,
    "test_macro_precision": 0.5699943438914028,
    "test_macro_recall": 0.5554621848739496,
    "test_balanced_acc": 0.5554621848739496,
    "test_auroc": 0.5704401760704282
  },
  "strict_data_overlap_allowed": false
}
